Archive member included to satisfy reference by file (symbol)

C:/ST/STM32CubeIDE_1.19.0/STM32CubeIDE/plugins/com.st.stm32cube.ide.mcu.externaltools.gnu-tools-for-stm32.13.3.rel1.win32_1.0.0.202411081344/tools/bin/../lib/gcc/arm-none-eabi/13.3.1/../../../../arm-none-eabi/lib/thumb/v7-m/nofp\libc_nano.a(libc_a-exit.o)
                              C:/ST/STM32CubeIDE_1.19.0/STM32CubeIDE/plugins/com.st.stm32cube.ide.mcu.externaltools.gnu-tools-for-stm32.13.3.rel1.win32_1.0.0.202411081344/tools/bin/../lib/gcc/arm-none-eabi/13.3.1/../../../../arm-none-eabi/lib/thumb/v7-m/nofp/crt0.o (exit)
C:/ST/STM32CubeIDE_1.19.0/STM32CubeIDE/plugins/com.st.stm32cube.ide.mcu.externaltools.gnu-tools-for-stm32.13.3.rel1.win32_1.0.0.202411081344/tools/bin/../lib/gcc/arm-none-eabi/13.3.1/../../../../arm-none-eabi/lib/thumb/v7-m/nofp\libc_nano.a(libc_a-findfp.o)
                              C:/ST/STM32CubeIDE_1.19.0/STM32CubeIDE/plugins/com.st.stm32cube.ide.mcu.externaltools.gnu-tools-for-stm32.13.3.rel1.win32_1.0.0.202411081344/tools/bin/../lib/gcc/arm-none-eabi/13.3.1/../../../../arm-none-eabi/lib/thumb/v7-m/nofp\libc_nano.a(libc_a-exit.o) (__stdio_exit_handler)
C:/ST/STM32CubeIDE_1.19.0/STM32CubeIDE/plugins/com.st.stm32cube.ide.mcu.externaltools.gnu-tools-for-stm32.13.3.rel1.win32_1.0.0.202411081344/tools/bin/../lib/gcc/arm-none-eabi/13.3.1/../../../../arm-none-eabi/lib/thumb/v7-m/nofp\libc_nano.a(libc_a-fwalk.o)
                              C:/ST/STM32CubeIDE_1.19.0/STM32CubeIDE/plugins/com.st.stm32cube.ide.mcu.externaltools.gnu-tools-for-stm32.13.3.rel1.win32_1.0.0.202411081344/tools/bin/../lib/gcc/arm-none-eabi/13.3.1/../../../../arm-none-eabi/lib/thumb/v7-m/nofp\libc_nano.a(libc_a-findfp.o) (_fwalk_sglue)
C:/ST/STM32CubeIDE_1.19.0/STM32CubeIDE/plugins/com.st.stm32cube.ide.mcu.externaltools.gnu-tools-for-stm32.13.3.rel1.win32_1.0.0.202411081344/tools/bin/../lib/gcc/arm-none-eabi/13.3.1/../../../../arm-none-eabi/lib/thumb/v7-m/nofp\libc_nano.a(libc_a-stdio.o)
                              C:/ST/STM32CubeIDE_1.19.0/STM32CubeIDE/plugins/com.st.stm32cube.ide.mcu.externaltools.gnu-tools-for-stm32.13.3.rel1.win32_1.0.0.202411081344/tools/bin/../lib/gcc/arm-none-eabi/13.3.1/../../../../arm-none-eabi/lib/thumb/v7-m/nofp\libc_nano.a(libc_a-findfp.o) (__sread)
C:/ST/STM32CubeIDE_1.19.0/STM32CubeIDE/plugins/com.st.stm32cube.ide.mcu.externaltools.gnu-tools-for-stm32.13.3.rel1.win32_1.0.0.202411081344/tools/bin/../lib/gcc/arm-none-eabi/13.3.1/../../../../arm-none-eabi/lib/thumb/v7-m/nofp\libc_nano.a(libc_a-memset.o)
                              C:/ST/STM32CubeIDE_1.19.0/STM32CubeIDE/plugins/com.st.stm32cube.ide.mcu.externaltools.gnu-tools-for-stm32.13.3.rel1.win32_1.0.0.202411081344/tools/bin/../lib/gcc/arm-none-eabi/13.3.1/../../../../arm-none-eabi/lib/thumb/v7-m/nofp/crt0.o (memset)
C:/ST/STM32CubeIDE_1.19.0/STM32CubeIDE/plugins/com.st.stm32cube.ide.mcu.externaltools.gnu-tools-for-stm32.13.3.rel1.win32_1.0.0.202411081344/tools/bin/../lib/gcc/arm-none-eabi/13.3.1/../../../../arm-none-eabi/lib/thumb/v7-m/nofp\libc_nano.a(libc_a-closer.o)
                              C:/ST/STM32CubeIDE_1.19.0/STM32CubeIDE/plugins/com.st.stm32cube.ide.mcu.externaltools.gnu-tools-for-stm32.13.3.rel1.win32_1.0.0.202411081344/tools/bin/../lib/gcc/arm-none-eabi/13.3.1/../../../../arm-none-eabi/lib/thumb/v7-m/nofp\libc_nano.a(libc_a-stdio.o) (_close_r)
C:/ST/STM32CubeIDE_1.19.0/STM32CubeIDE/plugins/com.st.stm32cube.ide.mcu.externaltools.gnu-tools-for-stm32.13.3.rel1.win32_1.0.0.202411081344/tools/bin/../lib/gcc/arm-none-eabi/13.3.1/../../../../arm-none-eabi/lib/thumb/v7-m/nofp\libc_nano.a(libc_a-reent.o)
                              C:/ST/STM32CubeIDE_1.19.0/STM32CubeIDE/plugins/com.st.stm32cube.ide.mcu.externaltools.gnu-tools-for-stm32.13.3.rel1.win32_1.0.0.202411081344/tools/bin/../lib/gcc/arm-none-eabi/13.3.1/../../../../arm-none-eabi/lib/thumb/v7-m/nofp\libc_nano.a(libc_a-closer.o) (errno)
C:/ST/STM32CubeIDE_1.19.0/STM32CubeIDE/plugins/com.st.stm32cube.ide.mcu.externaltools.gnu-tools-for-stm32.13.3.rel1.win32_1.0.0.202411081344/tools/bin/../lib/gcc/arm-none-eabi/13.3.1/../../../../arm-none-eabi/lib/thumb/v7-m/nofp\libc_nano.a(libc_a-impure.o)
                              C:/ST/STM32CubeIDE_1.19.0/STM32CubeIDE/plugins/com.st.stm32cube.ide.mcu.externaltools.gnu-tools-for-stm32.13.3.rel1.win32_1.0.0.202411081344/tools/bin/../lib/gcc/arm-none-eabi/13.3.1/../../../../arm-none-eabi/lib/thumb/v7-m/nofp\libc_nano.a(libc_a-reent.o) (_impure_ptr)
C:/ST/STM32CubeIDE_1.19.0/STM32CubeIDE/plugins/com.st.stm32cube.ide.mcu.externaltools.gnu-tools-for-stm32.13.3.rel1.win32_1.0.0.202411081344/tools/bin/../lib/gcc/arm-none-eabi/13.3.1/../../../../arm-none-eabi/lib/thumb/v7-m/nofp\libc_nano.a(libc_a-lseekr.o)
[...]
Memory Configuration

Name             Origin             Length             Attributes
RAM              0x20000000         0x00005000         xrw
FLASH            0x08000000         0x00010000         xr
*default*        0x00000000         0xffffffff

Linker script and memory map

LOAD C:/ST/STM32CubeIDE_1.19.0/STM32CubeIDE/plugins/com.st.stm32cube.ide.mcu.externaltools.gnu-tools-for-stm32.13.3.rel1.win32_1.0.0.202411081344/tools/bin/../lib/gcc/arm-none-eabi/13.3.1/thumb/v7-m/nofp/crti.o
LOAD C:/ST/STM32CubeIDE_1.19.0/STM32CubeIDE/plugins/com.st.stm32cube.ide.mcu.externaltools.gnu-tools-for-stm32.13.3.rel1.win32_1.0.0.202411081344/tools/bin/../lib/gcc/arm-none-eabi/13.3.1/thumb/v7-m/nofp/crtbegin.o
LOAD C:/ST/STM32CubeIDE_1.19.0/STM32CubeIDE/plugins/com.st.stm32cube.ide.mcu.externaltools.gnu-tools-for-stm32.13.3.rel1.win32_1.0.0.202411081344/tools/bin/../lib/gcc/arm-none-eabi/13.3.1/../../../../arm-none-eabi/lib/thumb/v7-m/nofp/crt0.o
LOAD ./Core/Src/button.o
LOAD ./Core/Src/buzzer.o
LOAD ./Core/Src/can.o
LOAD ./Core/Src/dht11.o
LOAD ./Core/Src/freertos.o
LOAD ./Core/Src/main.o
LOAD ./Core/Src/motor.o
LOAD ./Core/Src/stm32f1xx_hal_msp.o
LOAD ./Core/Src/stm32f1xx_hal_timebase_tim.o
LOAD ./Core/Src/stm32f1xx_it.o
LOAD ./Core/Src/syscalls.o
LOAD ./Core/Src/sysmem.o
LOAD ./Core/Src/system_stm32f1xx.o
LOAD ./Core/Startup/startup_stm32f103c8tx.o
LOAD ./Drivers/STM32F1xx_HAL_Driver/Src/stm32f1xx_hal.o
LOAD ./Drivers/STM32F1xx_HAL_Driver/Src/stm32f1xx_hal_adc.o
LOAD ./Drivers/STM32F1xx_HAL_Driver/Src/stm32f1xx_hal_adc_ex.o
LOAD ./Drivers/STM32F1xx_HAL_Driver/Src/stm32f1xx_hal_can.o
LOAD ./Drivers/STM32F1xx_HAL_Driver/Src/stm32f1xx_hal_cortex.o
LOAD ./Drivers/STM32F1xx_HAL_Driver/Src/stm32f1xx_hal_dma.o
LOAD ./Drivers/STM32F1xx_HAL_Driver/Src/stm32f1xx_hal_exti.o
LOAD ./Drivers/STM32F1xx_HAL_Driver/Src/stm32f1xx_hal_flash.o
LOAD ./Drivers/STM32F1xx_HAL_Driver/Src/stm32f1xx_hal_flash_ex.o
LOAD ./Drivers/STM32F1xx_HAL_Driver/Src/stm32f1xx_hal_gpio.o
LOAD ./Drivers/STM32F1xx_HAL_Driver/Src/stm32f1xx_hal_gpio_ex.o
LOAD ./Drivers/STM32F1xx_HAL_Driver/Src/stm32f1xx_hal_pwr.o
LOAD ./Drivers/STM32F1xx_HAL_Driver/Src/stm32f1xx_hal_rcc.o
LOAD ./Drivers/STM32F1xx_HAL_Driver/Src/stm32f1xx_hal_rcc_ex.o
LOAD ./Drivers/STM32F1xx_HAL_Driver/Src/stm32f1xx_hal_tim.o
LOAD ./Drivers/STM32F1xx_HAL_Driver/Src/stm32f1xx_hal_tim_ex.o
LOAD ./Middlewares/Third_Party/FreeRTOS/Source/CMSIS_RTOS_V2/cmsis_os2.o
LOAD ./Middlewares/Third_Party/FreeRTOS/Source/croutine.o
LOAD ./Middlewares/Third_Party/FreeRTOS/Source/event_groups.o
LOAD ./Middlewares/Third_Party/FreeRTOS/Source/list.o
LOAD ./Middlewares/Third_Party/FreeRTOS/Source/queue.o
LOAD ./Middlewares/Third_Party/FreeRTOS/Source/stream_buffer.o
LOAD ./Middlewares/Third_Party/FreeRTOS/Source/tasks.o
LOAD ./Middlewares/Third_Party/FreeRTOS/Source/timers.o
LOAD ./Middlewares/Third_Party/FreeRTOS/Source/portable/GCC/ARM_CM3/port.o
LOAD ./Middlewares/Third_Party/FreeRTOS/Source/portable/MemMang/heap_4.o
START GROUP
LOAD C:/ST/STM32CubeIDE_1.19.0/STM32CubeIDE/plugins/com.st.stm32cube.ide.mcu.externaltools.gnu-tools-for-stm32.13.3.rel1.win32_1.0.0.202411081344/tools/bin/../lib/gcc/arm-none-eabi/13.3.1/../../../../arm-none-eabi/lib/thumb/v7-m/nofp\libc_nano.a
LOAD C:/ST/STM32CubeIDE_1.19.0/STM32CubeIDE/plugins/com.st.stm32cube.ide.mcu.externaltools.gnu-tools-for-stm32.13.3.rel1.win32_1.0.0.202411081344/tools/bin/../lib/gcc/arm-none-eabi/13.3.1/../../../../arm-none-eabi/lib/thumb/v7-m/nofp\libm.a
END GROUP
START GROUP
LOAD C:/ST/STM32CubeIDE_1.19.0/STM32CubeIDE/plugins/com.st.stm32cube.ide.mcu.externaltools.gnu-tools-for-stm32.13.3.rel1.win32_1.0.0.202411081344/tools/bin/../lib/gcc/arm-none-eabi/13.3.1/thumb/v7-m/nofp\libgcc.a
LOAD C:/ST/STM32CubeIDE_1.19.0/STM32CubeIDE/plugins/com.st.stm32cube.ide.mcu.externaltools.gnu-tools-for-stm32.13.3.rel1.win32_1.0.0.202411081344/tools/bin/../lib/gcc/arm-none-eabi/13.3.1/../../../../arm-none-eabi/lib/thumb/v7-m/nofp\libc_nano.a
END GROUP
START GROUP
LOAD C:/ST/STM32CubeIDE_1.19.0/STM32CubeIDE/plugins/com.st.stm32cube.ide.mcu.externaltools.gnu-tools-for-stm32.13.3.rel1.win32_1.0.0.202411081344/tools/bin/../lib/gcc/arm-none-eabi/13.3.1/thumb/v7-m/nofp\libgcc.a
LOAD C:/ST/STM32CubeIDE_1.19.0/STM32CubeIDE/plugins/com.st.stm32cube.ide.mcu.externaltools.gnu-tools-for-stm32.13.3.rel1.win32_1.0.0.202411081344/tools/bin/../lib/gcc/arm-none-eabi/13.3.1/../../../../arm-none-eabi/lib/thumb/v7-m/nofp\libc_nano.a
LOAD C:/ST/STM32CubeIDE_1.19.0/STM32CubeIDE/plugins/com.st.stm32cube.ide.mcu.externaltools.gnu-tools-for-stm32.13.3.rel1.win32_1.0.0.202411081344/tools/bin/../lib/gcc/arm-none-eabi/13.3.1/../../../../arm-none-eabi/lib/thumb/v7-m/nofp\libnosys.a
END GROUP
START GROUP
LOAD C:/ST/STM32CubeIDE_1.19.0/STM32CubeIDE/plugins/com.st.stm32cube.ide.mcu.externaltools.gnu-tools-for-stm32.13.3.rel1.win32_1.0.0.202411081344/tools/bin/../lib/gcc/arm-none-eabi/13.3.1/thumb/v7-m/nofp\libgcc.a
LOAD C:/ST/STM32CubeIDE_1.19.0/STM32CubeIDE/plugins/com.st.stm32cube.ide.mcu.externaltools.gnu-tools-for-stm32.13.3.rel1.win32_1.0.0.202411081344/tools/bin/../lib/gcc/arm-none-eabi/13.3.1/../../../../arm-none-eabi/lib/thumb/v7-m/nofp\libc_nano.a
LOAD C:/ST/STM32CubeIDE_1.19.0/STM32CubeIDE/plugins/com.st.stm32cube.ide.mcu.externaltools.gnu-tools-for-stm32.13.3.rel1.win32_1.0.0.202411081344/tools/bin/../lib/gcc/arm-none-eabi/13.3.1/../../../../arm-none-eabi/lib/thumb/v7-m/nofp\libnosys.a
END GROUP
LOAD C:/ST/STM32CubeIDE_1.19.0/STM32CubeIDE/plugins/com.st.stm32cube.ide.mcu.externaltools.gnu-tools-for-stm32.13.3.rel1.win32_1.0.0.202411081344/tools/bin/../lib/gcc/arm-none-eabi/13.3.1/thumb/v7-m/nofp/crtend.o
LOAD C:/ST/STM32CubeIDE_1.19.0/STM32CubeIDE/plugins/com.st.stm32cube.ide.mcu.externaltools.gnu-tools-for-stm32.13.3.rel1.win32_1.0.0.202411081344/tools/bin/../lib/gcc/arm-none-eabi/13.3.1/thumb/v7-m/nofp/crtn.o
                0x20005000                        _estack = (ORIGIN (RAM) + LENGTH (RAM))
                0x00000200                        _Min_Heap_Size = 0x200
                0x00000400                        _Min_Stack_Size = 0x400

.isr_vector     0x08000000      0x10c
                0x08000000                        . = ALIGN (0x4)
 *(.isr_vector)
 .isr_vector    0x08000000      0x10c ./Core/Startup/startup_stm32f103c8tx.o
                0x08000000                g_pfnVectors
                0x0800010c                        . = ALIGN (0x4)

.text           0x08000110     0x9000
                0x08000110                        . = ALIGN (0x4)
 *(.text)
 .text          0x08000110       0x40 C:/ST/STM32CubeIDE_1.19.0/STM32CubeIDE/plugins/com.st.stm32cube.ide.mcu.externaltools.gnu-tools-for-stm32.13.3.rel1.win32_1.0.0.202411081344/tools/bin/../lib/gcc/arm-none-eabi/13.3.1/thumb/v7-m/nofp/crtbegin.o
 .text          0x08000150      0x21c C:/ST/STM32CubeIDE_1.19.0/STM32CubeIDE/plugins/com.st.stm32cube.ide.mcu.externaltools.gnu-tools-for-stm32.13.3.rel1.win32_1.0.0.202411081344/tools/bin/../lib/gcc/arm-none-eabi/13.3.1/thumb/v7-m/nofp\libgcc.a(_arm_addsubsf3.o)
                0x08000150                __aeabi_frsub
                0x08000158                __subsf3
                0x08000158                __aeabi_fsub
                0x0800015c                __aeabi_fadd
                0x0800015c                __addsf3
                0x080002bc                __aeabi_ui2f
                0x080002bc                __floatunsisf
                0x080002c4                __aeabi_i2f
                0x080002c4                __floatsisf
                0x080002e0                __aeabi_ul2f
                0x080002e0                __floatundisf
                0x080002f0                __aeabi_l2f
                0x080002f0                __floatdisf
 .text          0x0800036c      0x2a0 C:/ST/STM32CubeIDE_1.19.0/STM32CubeIDE/plugins/com.st.stm32cube.ide.mcu.externaltools.gnu-tools-for-stm32.13.3.rel1.win32_1.0.0.202411081344/tools/bin/../lib/gcc/arm-none-eabi/13.3.1/thumb/v7-m/nofp\libgcc.a(_arm_muldivsf3.o)
                0x0800036c                __mulsf3
                0x0800036c                __aeabi_fmul
                0x080004d4                __aeabi_fdiv
                0x080004d4                __divsf3
 .text          0x0800060c       0xec C:/ST/STM32CubeIDE_1.19.0/STM32CubeIDE/plugins/com.st.stm32cube.ide.mcu.externaltools.gnu-tools-for-stm32.13.3.rel1.win32_1.0.0.202411081344/tools/bin/../lib/gcc/arm-none-eabi/13.3.1/thumb/v7-m/nofp\libgcc.a(_arm_cmpsf2.o)
                0x0800060c                __gesf2
                0x0800060c                __gtsf2
                0x08000614                __lesf2
                0x08000614                __ltsf2
                0x0800061c                __nesf2
                0x0800061c                __eqsf2
                0x0800061c                __cmpsf2
                0x0800067c                __aeabi_cfrcmple
                0x08000684                __aeabi_cfcmpeq
                0x08000684                __aeabi_cfcmple
                0x08000694                __aeabi_fcmpeq
                0x080006a8                __aeabi_fcmplt
                0x080006bc                __aeabi_fcmple
                0x080006d0                __aeabi_fcmpge
                0x080006e4                __aeabi_fcmpgt
 .text          0x080006f8       0x40 C:/ST/STM32CubeIDE_1.19.0/STM32CubeIDE/plugins/com.st.stm32cube.ide.mcu.externaltools.gnu-tools-for-stm32.13.3.rel1.win32_1.0.0.202411081344/tools/bin/../lib/gcc/arm-none-eabi/13.3.1/thumb/v7-m/nofp\libgcc.a(_arm_fixunssfsi.o)
                0x080006f8                __fixunssfsi
                0x080006f8                __aeabi_f2uiz
 *(.text*)
 .text.HAL_GPIO_EXTI_Callback
                0x08000738       0x94 ./Core/Src/button.o
                0x08000738                HAL_GPIO_EXTI_Callback
 .text.btn_matrix_init
                0x080007cc       0x4c ./Core/Src/button.o
                0x080007cc                btn_matrix_init
 .text.is_btn_still_pressed
                0x08000818       0xa0 ./Core/Src/button.o
                0x08000818                is_btn_still_pressed
 .text.turn_btn_matrix_col
                0x080008b8       0x74 ./Core/Src/button.o
                0x080008b8                turn_btn_matrix_col
 .text.process_btn_pressed
                0x0800092c       0x74 ./Core/Src/button.o
                0x0800092c                process_btn_pressed
 .text.scan_btn_matrix
                0x080009a0      0x10c ./Core/Src/button.o
                0x080009a0                scan_btn_matrix
 .text.btn_matrix_process
                0x08000aac       0xc8 ./Core/Src/button.o
                0x08000aac                btn_matrix_process
 .text.Buzzer_Init
                0x08000b74       0x36 ./Core/Src/buzzer.o
                0x08000b74                Buzzer_Init
 .text.Buzzer_Start
                0x08000baa       0x32 ./Core/Src/buzzer.o
                0x08000baa                Buzzer_Start
 .text.Buzzer_Stop
                0x08000bdc       0x28 ./Core/Src/buzzer.o
                0x08000bdc                Buzzer_Stop
 .text.Buzzer_Update
                0x08000c04       0x76 ./Core/Src/buzzer.o
                0x08000c04                Buzzer_Update
 .text.Buzzer_IsActive
                0x08000c7a       0x16 ./Core/Src/buzzer.o
                0x08000c7a                Buzzer_IsActive
 .text.CAN_EnqueueTxFrame
                0x08000c90       0x5c ./Core/Src/can.o
                0x08000c90                CAN_EnqueueTxFrame
 .text.CAN_DequeueTxFrame
                0x08000cec       0x5c ./Core/Src/can.o
                0x08000cec                CAN_DequeueTxFrame
 .text.CAN_send
                0x08000d48       0x8a ./Core/Src/can.o
                0x08000d48                CAN_send
 .text.CAN_process_command
                0x08000dd2       0x86 ./Core/Src/can.o
                0x08000dd2                CAN_process_command
 .text.delay_us_precise
                0x08000e58       0x2e ./Core/Src/dht11.o
 *fill*         0x08000e86        0x2 
 .text.DHT11_SetPinOutput
                0x08000e88       0x38 ./Core/Src/dht11.o
 .text.DHT11_SetPinInput
                0x08000ec0       0x34 ./Core/Src/dht11.o
 .text.DHT11_Init
                0x08000ef4       0x24 ./Core/Src/dht11.o
                0x08000ef4                DHT11_Init
 .text.DHT11_Read
                0x08000f18      0x224 ./Core/Src/dht11.o
                0x08000f18                DHT11_Read
 .text.DHT11_GetTemperature
                0x0800113c       0x3c ./Core/Src/dht11.o
                0x0800113c                DHT11_GetTemperature
 .text.DHT11_GetHumidity
                0x08001178       0x3c ./Core/Src/dht11.o
                0x08001178                DHT11_GetHumidity
 .text.vApplicationMallocFailedHook
                0x080011b4        0xc ./Core/Src/freertos.o
                0x080011b4                vApplicationMallocFailedHook
 .text.HAL_CAN_RxFifo0MsgPendingCallback
                0x080011c0       0x30 ./Core/Src/main.o
                0x080011c0                HAL_CAN_RxFifo0MsgPendingCallback
 .text.main     0x080011f0      0x154 ./Core/Src/main.o
                0x080011f0                main
 .text.SystemClock_Config
                0x08001344       0xb6 ./Core/Src/main.o
                0x08001344                SystemClock_Config
 *fill*         0x080013fa        0x2 
 .text.MX_ADC1_Init
                0x080013fc       0x7c ./Core/Src/main.o
 .text.MX_CAN_Init
                0x08001478       0xa4 ./Core/Src/main.o
 .text.MX_TIM1_Init
                0x0800151c      0x174 ./Core/Src/main.o
 .text.MX_TIM2_Init
                0x08001690       0xa8 ./Core/Src/main.o
 .text.MX_TIM3_Init
                0x08001738      0x130 ./Core/Src/main.o
 .text.MX_DMA_Init
                0x08001868       0x3c ./Core/Src/main.o
 .text.MX_GPIO_Init
                0x080018a4      0x16c ./Core/Src/main.o
 .text.digital_output_process
                0x08001a10       0xf8 ./Core/Src/main.o
                0x08001a10                digital_output_process
 .text.process_encoder
                0x08001b08       0x74 ./Core/Src/main.o
                0x08001b08                process_encoder
 .text.CANRxHandler
                0x08001b7c      0x188 ./Core/Src/main.o
                0x08001b7c                CANRxHandler
 .text.CANTxHandler
                0x08001d04      0x63c ./Core/Src/main.o
                0x08001d04                CANTxHandler
 .text.HAL_TIM_PeriodElapsedCallback
                0x08002340       0x24 ./Core/Src/main.o
                0x08002340                HAL_TIM_PeriodElapsedCallback
 .text.Error_Handler
                0x08002364        0xc ./Core/Src/main.o
                0x08002364                Error_Handler
 .text.Motor_Init
                0x08002370       0xdc ./Core/Src/motor.o
                0x08002370                Motor_Init
 .text.Motor_SetDirection
                0x0800244c       0x94 ./Core/Src/motor.o
                0x0800244c                Motor_SetDirection
 .text.Motor_SetSpeed
                0x080024e0      0x124 ./Core/Src/motor.o
                0x080024e0                Motor_SetSpeed
 .text.Motor_Enable
                0x08002604       0x44 ./Core/Src/motor.o
                0x08002604                Motor_Enable
 .text.Motor_UpdateFromADC
                0x08002648       0x3c ./Core/Src/motor.o
                0x08002648                Motor_UpdateFromADC
 .text.HAL_MspInit
                0x08002684       0x70 ./Core/Src/stm32f1xx_hal_msp.o
                0x08002684                HAL_MspInit
 .text.HAL_ADC_MspInit
                0x080026f4       0xd0 ./Core/Src/stm32f1xx_hal_msp.o
                0x080026f4                HAL_ADC_MspInit
 .text.HAL_CAN_MspInit
                0x080027c4       0xd0 ./Core/Src/stm32f1xx_hal_msp.o
                0x080027c4                HAL_CAN_MspInit
 .text.HAL_TIM_Base_MspInit
                0x08002894       0x64 ./Core/Src/stm32f1xx_hal_msp.o
                0x08002894                HAL_TIM_Base_MspInit
 .text.HAL_TIM_Encoder_MspInit
                0x080028f8       0x78 ./Core/Src/stm32f1xx_hal_msp.o
                0x080028f8                HAL_TIM_Encoder_MspInit
 .text.HAL_TIM_MspPostInit
                0x08002970       0xdc ./Core/Src/stm32f1xx_hal_msp.o
                0x08002970                HAL_TIM_MspPostInit
 .text.HAL_InitTick
                0x08002a4c       0xfc ./Core/Src/stm32f1xx_hal_timebase_tim.o
                0x08002a4c                HAL_InitTick
 .text.NMI_Handler
                0x08002b48        0x8 ./Core/Src/stm32f1xx_it.o
                0x08002b48                NMI_Handler
 .text.HardFault_Handler
                0x08002b50        0x8 ./Core/Src/stm32f1xx_it.o
                0x08002b50                HardFault_Handler
 .text.MemManage_Handler
                0x08002b58        0x8 ./Core/Src/stm32f1xx_it.o
                0x08002b58                MemManage_Handler
 .text.BusFault_Handler
                0x08002b60        0x8 ./Core/Src/stm32f1xx_it.o
                0x08002b60                BusFault_Handler
 .text.UsageFault_Handler
                0x08002b68        0x8 ./Core/Src/stm32f1xx_it.o
                0x08002b68                UsageFault_Handler
 .text.DebugMon_Handler
                0x08002b70        0xc ./Core/Src/stm32f1xx_it.o
                0x08002b70                DebugMon_Handler
 .text.EXTI4_IRQHandler
                0x08002b7c        0xe ./Core/Src/stm32f1xx_it.o
                0x08002b7c                EXTI4_IRQHandler
 *fill*         0x08002b8a        0x2 
 .text.DMA1_Channel1_IRQHandler
                0x08002b8c       0x14 ./Core/Src/stm32f1xx_it.o
                0x08002b8c                DMA1_Channel1_IRQHandler
 .text.USB_LP_CAN1_RX0_IRQHandler
                0x08002ba0       0x14 ./Core/Src/stm32f1xx_it.o
                0x08002ba0                USB_LP_CAN1_RX0_IRQHandler
 .text.EXTI9_5_IRQHandler
                0x08002bb4       0x1a ./Core/Src/stm32f1xx_it.o
                0x08002bb4                EXTI9_5_IRQHandler
 *fill*         0x08002bce        0x2 
 .text.TIM4_IRQHandler
                0x08002bd0       0x14 ./Core/Src/stm32f1xx_it.o
                0x08002bd0                TIM4_IRQHandler
 .text.SystemInit
                0x08002be4        0xc ./Core/Src/system_stm32f1xx.o
                0x08002be4                SystemInit
 .text.Reset_Handler
                0x08002bf0       0x48 ./Core/Startup/startup_stm32f103c8tx.o
                0x08002bf0                Reset_Handler
 .text.Default_Handler
                0x08002c38        0x2 ./Core/Startup/startup_stm32f103c8tx.o
                0x08002c38                RTC_Alarm_IRQHandler
                0x08002c38                EXTI2_IRQHandler
                0x08002c38                TIM1_CC_IRQHandler
                0x08002c38                PVD_IRQHandler
                0x08002c38                EXTI3_IRQHandler
                0x08002c38                EXTI0_IRQHandler
                0x08002c38                I2C2_EV_IRQHandler
                0x08002c38                ADC1_2_IRQHandler
                0x08002c38                SPI1_IRQHandler
                0x08002c38                TAMPER_IRQHandler
                0x08002c38                DMA1_Channel4_IRQHandler
                0x08002c38                USART3_IRQHandler
                0x08002c38                RTC_IRQHandler
                0x08002c38                DMA1_Channel7_IRQHandler
                0x08002c38                CAN1_RX1_IRQHandler
                0x08002c38                I2C1_EV_IRQHandler
                0x08002c38                DMA1_Channel6_IRQHandler
                0x08002c38                TIM3_IRQHandler
                0x08002c38                RCC_IRQHandler
                0x08002c38                TIM1_TRG_COM_IRQHandler
                0x08002c38                Default_Handler
                0x08002c38                EXTI15_10_IRQHandler
                0x08002c38                SPI2_IRQHandler
                0x08002c38                DMA1_Channel5_IRQHandler
                0x08002c38                USB_HP_CAN1_TX_IRQHandler
                0x08002c38                DMA1_Channel3_IRQHandler
                0x08002c38                TIM1_UP_IRQHandler
                0x08002c38                WWDG_IRQHandler
                0x08002c38                TIM2_IRQHandler
                0x08002c38                TIM1_BRK_IRQHandler
                0x08002c38                EXTI1_IRQHandler
                0x08002c38                USART2_IRQHandler
                0x08002c38                I2C2_ER_IRQHandler
                0x08002c38                DMA1_Channel2_IRQHandler
                0x08002c38                CAN1_SCE_IRQHandler
                0x08002c38                FLASH_IRQHandler
                0x08002c38                USART1_IRQHandler
                0x08002c38                I2C1_ER_IRQHandler
                0x08002c38                USBWakeUp_IRQHandler
 *fill*         0x08002c3a        0x2 
 .text.HAL_Init
                0x08002c3c       0x2c ./Drivers/STM32F1xx_HAL_Driver/Src/stm32f1xx_hal.o
                0x08002c3c                HAL_Init
 .text.HAL_IncTick
                0x08002c68       0x24 ./Drivers/STM32F1xx_HAL_Driver/Src/stm32f1xx_hal.o
                0x08002c68                HAL_IncTick
 .text.HAL_GetTick
                0x08002c8c       0x14 ./Drivers/STM32F1xx_HAL_Driver/Src/stm32f1xx_hal.o
                0x08002c8c                HAL_GetTick
 .text.HAL_ADC_Init
                0x08002ca0      0x1b0 ./Drivers/STM32F1xx_HAL_Driver/Src/stm32f1xx_hal_adc.o
                0x08002ca0                HAL_ADC_Init
 .text.HAL_ADC_Start_DMA
                0x08002e50      0x1bc ./Drivers/STM32F1xx_HAL_Driver/Src/stm32f1xx_hal_adc.o
                0x08002e50                HAL_ADC_Start_DMA
 .text.HAL_ADC_ConvCpltCallback
                0x0800300c       0x12 ./Drivers/STM32F1xx_HAL_Driver/Src/stm32f1xx_hal_adc.o
                0x0800300c                HAL_ADC_ConvCpltCallback
 .text.HAL_ADC_ConvHalfCpltCallback
                0x0800301e       0x12 ./Drivers/STM32F1xx_HAL_Driver/Src/stm32f1xx_hal_adc.o
                0x0800301e                HAL_ADC_ConvHalfCpltCallback
 .text.HAL_ADC_ErrorCallback
                0x08003030       0x12 ./Drivers/STM32F1xx_HAL_Driver/Src/stm32f1xx_hal_adc.o
                0x08003030                HAL_ADC_ErrorCallback
 *fill*         0x08003042        0x2 
 .text.HAL_ADC_ConfigChannel
                0x08003044      0x1f0 ./Drivers/STM32F1xx_HAL_Driver/Src/stm32f1xx_hal_adc.o
                0x08003044                HAL_ADC_ConfigChannel
 .text.ADC_Enable
                0x08003234       0xb4 ./Drivers/STM32F1xx_HAL_Driver/Src/stm32f1xx_hal_adc.o
                0x08003234                ADC_Enable
 .text.ADC_ConversionStop_Disable
                0x080032e8       0x82 ./Drivers/STM32F1xx_HAL_Driver/Src/stm32f1xx_hal_adc.o
                0x080032e8                ADC_ConversionStop_Disable
 .text.ADC_DMAConvCplt
                0x0800336a       0x7c ./Drivers/STM32F1xx_HAL_Driver/Src/stm32f1xx_hal_adc.o
                0x0800336a                ADC_DMAConvCplt
 .text.ADC_DMAHalfConvCplt
                0x080033e6       0x1c ./Drivers/STM32F1xx_HAL_Driver/Src/stm32f1xx_hal_adc.o
                0x080033e6                ADC_DMAHalfConvCplt
 .text.ADC_DMAError
                0x08003402       0x34 ./Drivers/STM32F1xx_HAL_Driver/Src/stm32f1xx_hal_adc.o
                0x08003402                ADC_DMAError
 .text.HAL_CAN_Init
                0x08003436      0x1f6 ./Drivers/STM32F1xx_HAL_Driver/Src/stm32f1xx_hal_can.o
                0x08003436                HAL_CAN_Init
 .text.HAL_CAN_ConfigFilter
                0x0800362c      0x192 ./Drivers/STM32F1xx_HAL_Driver/Src/stm32f1xx_hal_can.o
                0x0800362c                HAL_CAN_ConfigFilter
 .text.HAL_CAN_Start
                0x080037be       0x88 ./Drivers/STM32F1xx_HAL_Driver/Src/stm32f1xx_hal_can.o
                0x080037be                HAL_CAN_Start
 .text.HAL_CAN_AddTxMessage
                0x08003846      0x19e ./Drivers/STM32F1xx_HAL_Driver/Src/stm32f1xx_hal_can.o
                0x08003846                HAL_CAN_AddTxMessage
 .text.HAL_CAN_GetRxMessage
                0x080039e4      0x242 ./Drivers/STM32F1xx_HAL_Driver/Src/stm32f1xx_hal_can.o
                0x080039e4                HAL_CAN_GetRxMessage
 .text.HAL_CAN_ActivateNotification
                0x08003c26       0x4a ./Drivers/STM32F1xx_HAL_Driver/Src/stm32f1xx_hal_can.o
                0x08003c26                HAL_CAN_ActivateNotification
 .text.HAL_CAN_IRQHandler
                0x08003c70      0x36e ./Drivers/STM32F1xx_HAL_Driver/Src/stm32f1xx_hal_can.o
                0x08003c70                HAL_CAN_IRQHandler
 .text.HAL_CAN_TxMailbox0CompleteCallback
                0x08003fde       0x12 ./Drivers/STM32F1xx_HAL_Driver/Src/stm32f1xx_hal_can.o
                0x08003fde                HAL_CAN_TxMailbox0CompleteCallback
 .text.HAL_CAN_TxMailbox1CompleteCallback
                0x08003ff0       0x12 ./Drivers/STM32F1xx_HAL_Driver/Src/stm32f1xx_hal_can.o
                0x08003ff0                HAL_CAN_TxMailbox1CompleteCallback
 .text.HAL_CAN_TxMailbox2CompleteCallback
                0x08004002       0x12 ./Drivers/STM32F1xx_HAL_Driver/Src/stm32f1xx_hal_can.o
                0x08004002                HAL_CAN_TxMailbox2CompleteCallback
 .text.HAL_CAN_TxMailbox0AbortCallback
                0x08004014       0x12 ./Drivers/STM32F1xx_HAL_Driver/Src/stm32f1xx_hal_can.o
                0x08004014                HAL_CAN_TxMailbox0AbortCallback
 .text.HAL_CAN_TxMailbox1AbortCallback
                0x08004026       0x12 ./Drivers/STM32F1xx_HAL_Driver/Src/stm32f1xx_hal_can.o
                0x08004026                HAL_CAN_TxMailbox1AbortCallback
 .text.HAL_CAN_TxMailbox2AbortCallback
                0x08004038       0x12 ./Drivers/STM32F1xx_HAL_Driver/Src/stm32f1xx_hal_can.o
                0x08004038                HAL_CAN_TxMailbox2AbortCallback
 .text.HAL_CAN_RxFifo0FullCallback
                0x0800404a       0x12 ./Drivers/STM32F1xx_HAL_Driver/Src/stm32f1xx_hal_can.o
                0x0800404a                HAL_CAN_RxFifo0FullCallback
 .text.HAL_CAN_RxFifo1MsgPendingCallback
                0x0800405c       0x12 ./Drivers/STM32F1xx_HAL_Driver/Src/stm32f1xx_hal_can.o
                0x0800405c                HAL_CAN_RxFifo1MsgPendingCallback
 .text.HAL_CAN_RxFifo1FullCallback
                0x0800406e       0x12 ./Drivers/STM32F1xx_HAL_Driver/Src/stm32f1xx_hal_can.o
                0x0800406e                HAL_CAN_RxFifo1FullCallback
 .text.HAL_CAN_SleepCallback
                0x08004080       0x12 ./Drivers/STM32F1xx_HAL_Driver/Src/stm32f1xx_hal_can.o
                0x08004080                HAL_CAN_SleepCallback
 .text.HAL_CAN_WakeUpFromRxMsgCallback
                0x08004092       0x12 ./Drivers/STM32F1xx_HAL_Driver/Src/stm32f1xx_hal_can.o
                0x08004092                HAL_CAN_WakeUpFromRxMsgCallback
 .text.HAL_CAN_ErrorCallback
                0x080040a4       0x12 ./Drivers/STM32F1xx_HAL_Driver/Src/stm32f1xx_hal_can.o
                0x080040a4                HAL_CAN_ErrorCallback
 *fill*         0x080040b6        0x2 
 .text.__NVIC_SetPriorityGrouping
                0x080040b8       0x48 ./Drivers/STM32F1xx_HAL_Driver/Src/stm32f1xx_hal_cortex.o
 .text.__NVIC_GetPriorityGrouping
                0x08004100       0x1c ./Drivers/STM32F1xx_HAL_Driver/Src/stm32f1xx_hal_cortex.o
 .text.__NVIC_EnableIRQ
                0x0800411c       0x38 ./Drivers/STM32F1xx_HAL_Driver/Src/stm32f1xx_hal_cortex.o
 .text.__NVIC_DisableIRQ
                0x08004154       0x48 ./Drivers/STM32F1xx_HAL_Driver/Src/stm32f1xx_hal_cortex.o
 .text.__NVIC_SetPriority
                0x0800419c       0x54 ./Drivers/STM32F1xx_HAL_Driver/Src/stm32f1xx_hal_cortex.o
 .text.NVIC_EncodePriority
                0x080041f0       0x64 ./Drivers/STM32F1xx_HAL_Driver/Src/stm32f1xx_hal_cortex.o
 .text.HAL_NVIC_SetPriorityGrouping
                0x08004254       0x16 ./Drivers/STM32F1xx_HAL_Driver/Src/stm32f1xx_hal_cortex.o
                0x08004254                HAL_NVIC_SetPriorityGrouping
 .text.HAL_NVIC_SetPriority
                0x0800426a       0x38 ./Drivers/STM32F1xx_HAL_Driver/Src/stm32f1xx_hal_cortex.o
                0x0800426a                HAL_NVIC_SetPriority
 .text.HAL_NVIC_EnableIRQ
                0x080042a2       0x1c ./Drivers/STM32F1xx_HAL_Driver/Src/stm32f1xx_hal_cortex.o
                0x080042a2                HAL_NVIC_EnableIRQ
 .text.HAL_NVIC_DisableIRQ
                0x080042be       0x1c ./Drivers/STM32F1xx_HAL_Driver/Src/stm32f1xx_hal_cortex.o
                0x080042be                HAL_NVIC_DisableIRQ
 *fill*         0x080042da        0x2 
 .text.HAL_DMA_Init
                0x080042dc       0xb4 ./Drivers/STM32F1xx_HAL_Driver/Src/stm32f1xx_hal_dma.o
                0x080042dc                HAL_DMA_Init
 .text.HAL_DMA_Start_IT
                0x08004390       0xc0 ./Drivers/STM32F1xx_HAL_Driver/Src/stm32f1xx_hal_dma.o
                0x08004390                HAL_DMA_Start_IT
 .text.HAL_DMA_IRQHandler
                0x08004450      0x20c ./Drivers/STM32F1xx_HAL_Driver/Src/stm32f1xx_hal_dma.o
                0x08004450                HAL_DMA_IRQHandler
 .text.DMA_SetConfig
                0x0800465c       0x5a ./Drivers/STM32F1xx_HAL_Driver/Src/stm32f1xx_hal_dma.o
 *fill*         0x080046b6        0x2 
 .text.HAL_GPIO_Init
                0x080046b8      0x308 ./Drivers/STM32F1xx_HAL_Driver/Src/stm32f1xx_hal_gpio.o
                0x080046b8                HAL_GPIO_Init
 .text.HAL_GPIO_ReadPin
                0x080049c0       0x2e ./Drivers/STM32F1xx_HAL_Driver/Src/stm32f1xx_hal_gpio.o
                0x080049c0                HAL_GPIO_ReadPin
 .text.HAL_GPIO_WritePin
                0x080049ee       0x30 ./Drivers/STM32F1xx_HAL_Driver/Src/stm32f1xx_hal_gpio.o
                0x080049ee                HAL_GPIO_WritePin
 *fill*         0x08004a1e        0x2 
 .text.HAL_GPIO_EXTI_IRQHandler
                0x08004a20       0x30 ./Drivers/STM32F1xx_HAL_Driver/Src/stm32f1xx_hal_gpio.o
                0x08004a20                HAL_GPIO_EXTI_IRQHandler
 .text.HAL_RCC_OscConfig
                0x08004a50      0x504 ./Drivers/STM32F1xx_HAL_Driver/Src/stm32f1xx_hal_rcc.o
                0x08004a50                HAL_RCC_OscConfig
 .text.HAL_RCC_ClockConfig
                0x08004f54      0x1d4 ./Drivers/STM32F1xx_HAL_Driver/Src/stm32f1xx_hal_rcc.o
                0x08004f54                HAL_RCC_ClockConfig
 .text.HAL_RCC_GetSysClockFreq
                0x08005128       0xa8 ./Drivers/STM32F1xx_HAL_Driver/Src/stm32f1xx_hal_rcc.o
                0x08005128                HAL_RCC_GetSysClockFreq
 .text.HAL_RCC_GetHCLKFreq
                0x080051d0       0x14 ./Drivers/STM32F1xx_HAL_Driver/Src/stm32f1xx_hal_rcc.o
                0x080051d0                HAL_RCC_GetHCLKFreq
 .text.HAL_RCC_GetPCLK1Freq
                0x080051e4       0x28 ./Drivers/STM32F1xx_HAL_Driver/Src/stm32f1xx_hal_rcc.o
                0x080051e4                HAL_RCC_GetPCLK1Freq
 .text.HAL_RCC_GetClockConfig
                0x0800520c       0x60 ./Drivers/STM32F1xx_HAL_Driver/Src/stm32f1xx_hal_rcc.o
                0x0800520c                HAL_RCC_GetClockConfig
 .text.RCC_Delay
                0x0800526c       0x3c ./Drivers/STM32F1xx_HAL_Driver/Src/stm32f1xx_hal_rcc.o
 .text.HAL_RCCEx_PeriphCLKConfig
                0x080052a8      0x16c ./Drivers/STM32F1xx_HAL_Driver/Src/stm32f1xx_hal_rcc_ex.o
                0x080052a8                HAL_RCCEx_PeriphCLKConfig
 .text.HAL_TIM_Base_Init
                0x08005414       0x9e ./Drivers/STM32F1xx_HAL_Driver/Src/stm32f1xx_hal_tim.o
                0x08005414                HAL_TIM_Base_Init
 *fill*         0x080054b2        0x2 
 .text.HAL_TIM_Base_Start_IT
                0x080054b4       0xa4 ./Drivers/STM32F1xx_HAL_Driver/Src/stm32f1xx_hal_tim.o
                0x080054b4                HAL_TIM_Base_Start_IT
 .text.HAL_TIM_PWM_Init
                0x08005558       0x9e ./Drivers/STM32F1xx_HAL_Driver/Src/stm32f1xx_hal_tim.o
                0x08005558                HAL_TIM_PWM_Init
 .text.HAL_TIM_PWM_MspInit
                0x080055f6       0x12 ./Drivers/STM32F1xx_HAL_Driver/Src/stm32f1xx_hal_tim.o
                0x080055f6                HAL_TIM_PWM_MspInit
 .text.HAL_TIM_PWM_Start
                0x08005608      0x144 ./Drivers/STM32F1xx_HAL_Driver/Src/stm32f1xx_hal_tim.o
                0x08005608                HAL_TIM_PWM_Start
 .text.HAL_TIM_Encoder_Init
                0x0800574c      0x144 ./Drivers/STM32F1xx_HAL_Driver/Src/stm32f1xx_hal_tim.o
                0x0800574c                HAL_TIM_Encoder_Init
 .text.HAL_TIM_Encoder_Start
                0x08005890      0x11c ./Drivers/STM32F1xx_HAL_Driver/Src/stm32f1xx_hal_tim.o
                0x08005890                HAL_TIM_Encoder_Start
 .text.HAL_TIM_IRQHandler
                0x080059ac      0x1e0 ./Drivers/STM32F1xx_HAL_Driver/Src/stm32f1xx_hal_tim.o
                0x080059ac                HAL_TIM_IRQHandler
 .text.HAL_TIM_PWM_ConfigChannel
                0x08005b8c      0x184 ./Drivers/STM32F1xx_HAL_Driver/Src/stm32f1xx_hal_tim.o
                0x08005b8c                HAL_TIM_PWM_ConfigChannel
 .text.HAL_TIM_ConfigClockSource
                0x08005d10      0x18e ./Drivers/STM32F1xx_HAL_Driver/Src/stm32f1xx_hal_tim.o
                0x08005d10                HAL_TIM_ConfigClockSource
 .text.HAL_TIM_OC_DelayElapsedCallback
                0x08005e9e       0x12 ./Drivers/STM32F1xx_HAL_Driver/Src/stm32f1xx_hal_tim.o
                0x08005e9e                HAL_TIM_OC_DelayElapsedCallback
 .text.HAL_TIM_IC_CaptureCallback
                0x08005eb0       0x12 ./Drivers/STM32F1xx_HAL_Driver/Src/stm32f1xx_hal_tim.o
                0x08005eb0                HAL_TIM_IC_CaptureCallback
 .text.HAL_TIM_PWM_PulseFinishedCallback
                0x08005ec2       0x12 ./Drivers/STM32F1xx_HAL_Driver/Src/stm32f1xx_hal_tim.o
                0x08005ec2                HAL_TIM_PWM_PulseFinishedCallback
 .text.HAL_TIM_TriggerCallback
                0x08005ed4       0x12 ./Drivers/STM32F1xx_HAL_Driver/Src/stm32f1xx_hal_tim.o
                0x08005ed4                HAL_TIM_TriggerCallback
 *fill*         0x08005ee6        0x2 
 .text.TIM_Base_SetConfig
                0x08005ee8       0xdc ./Drivers/STM32F1xx_HAL_Driver/Src/stm32f1xx_hal_tim.o
                0x08005ee8                TIM_Base_SetConfig
 .text.TIM_OC1_SetConfig
                0x08005fc4       0xcc ./Drivers/STM32F1xx_HAL_Driver/Src/stm32f1xx_hal_tim.o
 .text.TIM_OC2_SetConfig
                0x08006090       0xd4 ./Drivers/STM32F1xx_HAL_Driver/Src/stm32f1xx_hal_tim.o
                0x08006090                TIM_OC2_SetConfig
 .text.TIM_OC3_SetConfig
                0x08006164       0xd4 ./Drivers/STM32F1xx_HAL_Driver/Src/stm32f1xx_hal_tim.o
 .text.TIM_OC4_SetConfig
                0x08006238       0x9c ./Drivers/STM32F1xx_HAL_Driver/Src/stm32f1xx_hal_tim.o
 .text.TIM_TI1_ConfigInputStage
                0x080062d4       0x5c ./Drivers/STM32F1xx_HAL_Driver/Src/stm32f1xx_hal_tim.o
 .text.TIM_TI2_ConfigInputStage
                0x08006330       0x5e ./Drivers/STM32F1xx_HAL_Driver/Src/stm32f1xx_hal_tim.o
 .text.TIM_ITRx_SetConfig
                0x0800638e       0x34 ./Drivers/STM32F1xx_HAL_Driver/Src/stm32f1xx_hal_tim.o
 .text.TIM_ETR_SetConfig
                0x080063c2       0x3e ./Drivers/STM32F1xx_HAL_Driver/Src/stm32f1xx_hal_tim.o
                0x080063c2                TIM_ETR_SetConfig
 .text.TIM_CCxChannelCmd
                0x08006400       0x48 ./Drivers/STM32F1xx_HAL_Driver/Src/stm32f1xx_hal_tim.o
                0x08006400                TIM_CCxChannelCmd
 .text.HAL_TIMEx_MasterConfigSynchronization
                0x08006448       0xbc ./Drivers/STM32F1xx_HAL_Driver/Src/stm32f1xx_hal_tim_ex.o
                0x08006448                HAL_TIMEx_MasterConfigSynchronization
 .text.HAL_TIMEx_ConfigBreakDeadTime
                0x08006504       0xa2 ./Drivers/STM32F1xx_HAL_Driver/Src/stm32f1xx_hal_tim_ex.o
                0x08006504                HAL_TIMEx_ConfigBreakDeadTime
 .text.HAL_TIMEx_CommutCallback
                0x080065a6       0x12 ./Drivers/STM32F1xx_HAL_Driver/Src/stm32f1xx_hal_tim_ex.o
                0x080065a6                HAL_TIMEx_CommutCallback
 .text.HAL_TIMEx_BreakCallback
                0x080065b8       0x12 ./Drivers/STM32F1xx_HAL_Driver/Src/stm32f1xx_hal_tim_ex.o
                0x080065b8                HAL_TIMEx_BreakCallback
 *fill*         0x080065ca        0x2 
 .text.__NVIC_SetPriority
                0x080065cc       0x54 ./Middlewares/Third_Party/FreeRTOS/Source/CMSIS_RTOS_V2/cmsis_os2.o
 .text.SysTick_Handler
                0x08006620       0x20 ./Middlewares/Third_Party/FreeRTOS/Source/CMSIS_RTOS_V2/cmsis_os2.o
                0x08006620                SysTick_Handler
 .text.SVC_Setup
                0x08006640       0x12 ./Middlewares/Third_Party/FreeRTOS/Source/CMSIS_RTOS_V2/cmsis_os2.o
 *fill*         0x08006652        0x2 
 .text.osKernelInitialize
                0x08006654       0x44 ./Middlewares/Third_Party/FreeRTOS/Source/CMSIS_RTOS_V2/cmsis_os2.o
                0x08006654                osKernelInitialize
 .text.osKernelStart
                0x08006698       0x4c ./Middlewares/Third_Party/FreeRTOS/Source/CMSIS_RTOS_V2/cmsis_os2.o
                0x08006698                osKernelStart
 .text.osThreadNew
                0x080066e4      0x124 ./Middlewares/Third_Party/FreeRTOS/Source/CMSIS_RTOS_V2/cmsis_os2.o
                0x080066e4                osThreadNew
 .text.osDelay  0x08006808       0x36 ./Middlewares/Third_Party/FreeRTOS/Source/CMSIS_RTOS_V2/cmsis_os2.o
                0x08006808                osDelay
 *fill*         0x0800683e        0x2 
 .text.vApplicationGetIdleTaskMemory
                0x08006840       0x30 ./Middlewares/Third_Party/FreeRTOS/Source/CMSIS_RTOS_V2/cmsis_os2.o
                0x08006840                vApplicationGetIdleTaskMemory
 .text.vApplicationGetTimerTaskMemory
                0x08006870       0x34 ./Middlewares/Third_Party/FreeRTOS/Source/CMSIS_RTOS_V2/cmsis_os2.o
                0x08006870                vApplicationGetTimerTaskMemory
 .text.vListInitialise
                0x080068a4       0x3e ./Middlewares/Third_Party/FreeRTOS/Source/list.o
                0x080068a4                vListInitialise
 .text.vListInitialiseItem
                0x080068e2       0x18 ./Middlewares/Third_Party/FreeRTOS/Source/list.o
                0x080068e2                vListInitialiseItem
 .text.vListInsertEnd
                0x080068fa       0x46 ./Middlewares/Third_Party/FreeRTOS/Source/list.o
                0x080068fa                vListInsertEnd
 .text.vListInsert
                0x08006940       0x70 ./Middlewares/Third_Party/FreeRTOS/Source/list.o
                0x08006940                vListInsert
 .text.uxListRemove
                0x080069b0       0x52 ./Middlewares/Third_Party/FreeRTOS/Source/list.o
                0x080069b0                uxListRemove
 *fill*         0x08006a02        0x2 
 .text.xQueueGenericReset
                0x08006a04       0xd4 ./Middlewares/Third_Party/FreeRTOS/Source/queue.o
                0x08006a04                xQueueGenericReset
 .text.xQueueGenericCreateStatic
                0x08006ad8       0xfa ./Middlewares/Third_Party/FreeRTOS/Source/queue.o
                0x08006ad8                xQueueGenericCreateStatic
 .text.prvInitialiseNewQueue
                0x08006bd2       0x46 ./Middlewares/Third_Party/FreeRTOS/Source/queue.o
 .text.xQueueGenericSend
                0x08006c18      0x204 ./Middlewares/Third_Party/FreeRTOS/Source/queue.o
                0x08006c18                xQueueGenericSend
 .text.xQueueGenericSendFromISR
                0x08006e1c      0x13c ./Middlewares/Third_Party/FreeRTOS/Source/queue.o
                0x08006e1c                xQueueGenericSendFromISR
 .text.xQueueReceive
                0x08006f58      0x1c4 ./Middlewares/Third_Party/FreeRTOS/Source/queue.o
                0x08006f58                xQueueReceive
 .text.prvCopyDataToQueue
                0x0800711c       0xd4 ./Middlewares/Third_Party/FreeRTOS/Source/queue.o
 .text.prvCopyDataFromQueue
                0x080071f0       0x4c ./Middlewares/Third_Party/FreeRTOS/Source/queue.o
 .text.prvUnlockQueue
                0x0800723c       0xa4 ./Middlewares/Third_Party/FreeRTOS/Source/queue.o
 .text.prvIsQueueEmpty
                0x080072e0       0x2c ./Middlewares/Third_Party/FreeRTOS/Source/queue.o
 .text.prvIsQueueFull
                0x0800730c       0x30 ./Middlewares/Third_Party/FreeRTOS/Source/queue.o
 .text.vQueueAddToRegistry
                0x0800733c       0x50 ./Middlewares/Third_Party/FreeRTOS/Source/queue.o
                0x0800733c                vQueueAddToRegistry
 .text.vQueueWaitForMessageRestricted
                0x0800738c       0x68 ./Middlewares/Third_Party/FreeRTOS/Source/queue.o
                0x0800738c                vQueueWaitForMessageRestricted
 .text.xTaskCreateStatic
                0x080073f4       0xc0 ./Middlewares/Third_Party/FreeRTOS/Source/tasks.o
                0x080073f4                xTaskCreateStatic
 .text.xTaskCreate
                0x080074b4       0x8a ./Middlewares/Third_Party/FreeRTOS/Source/tasks.o
                0x080074b4                xTaskCreate
 .text.prvInitialiseNewTask
                0x0800753e      0x120 ./Middlewares/Third_Party/FreeRTOS/Source/tasks.o
 *fill*         0x0800765e        0x2 
 .text.prvAddNewTaskToReadyList
                0x08007660       0xe0 ./Middlewares/Third_Party/FreeRTOS/Source/tasks.o
 .text.vTaskDelay
                0x08007740       0x6c ./Middlewares/Third_Party/FreeRTOS/Source/tasks.o
                0x08007740                vTaskDelay
 .text.vTaskStartScheduler
                0x080077ac       0xd0 ./Middlewares/Third_Party/FreeRTOS/Source/tasks.o
                0x080077ac                vTaskStartScheduler
 .text.vTaskSuspendAll
                0x0800787c       0x1c ./Middlewares/Third_Party/FreeRTOS/Source/tasks.o
                0x0800787c                vTaskSuspendAll
 .text.xTaskResumeAll
                0x08007898      0x13c ./Middlewares/Third_Party/FreeRTOS/Source/tasks.o
                0x08007898                xTaskResumeAll
 .text.xTaskGetTickCount
                0x080079d4       0x1c ./Middlewares/Third_Party/FreeRTOS/Source/tasks.o
                0x080079d4                xTaskGetTickCount
 .text.xTaskIncrementTick
                0x080079f0      0x174 ./Middlewares/Third_Party/FreeRTOS/Source/tasks.o
                0x080079f0                xTaskIncrementTick
 .text.vTaskSwitchContext
                0x08007b64       0xbc ./Middlewares/Third_Party/FreeRTOS/Source/tasks.o
                0x08007b64                vTaskSwitchContext
 .text.vTaskPlaceOnEventList
                0x08007c20       0x4c ./Middlewares/Third_Party/FreeRTOS/Source/tasks.o
                0x08007c20                vTaskPlaceOnEventList
 .text.vTaskPlaceOnEventListRestricted
                0x08007c6c       0x58 ./Middlewares/Third_Party/FreeRTOS/Source/tasks.o
                0x08007c6c                vTaskPlaceOnEventListRestricted
 .text.xTaskRemoveFromEventList
                0x08007cc4       0xc8 ./Middlewares/Third_Party/FreeRTOS/Source/tasks.o
                0x08007cc4                xTaskRemoveFromEventList
 .text.vTaskInternalSetTimeOutState
                0x08007d8c       0x2c ./Middlewares/Third_Party/FreeRTOS/Source/tasks.o
                0x08007d8c                vTaskInternalSetTimeOutState
 .text.xTaskCheckForTimeOut
                0x08007db8       0xc8 ./Middlewares/Third_Party/FreeRTOS/Source/tasks.o
                0x08007db8                xTaskCheckForTimeOut
 .text.vTaskMissedYield
                0x08007e80       0x18 ./Middlewares/Third_Party/FreeRTOS/Source/tasks.o
                0x08007e80                vTaskMissedYield
 .text.prvIdleTask
                0x08007e98       0x30 ./Middlewares/Third_Party/FreeRTOS/Source/tasks.o
 .text.prvInitialiseTaskLists
                0x08007ec8       0x80 ./Middlewares/Third_Party/FreeRTOS/Source/tasks.o
 .text.prvCheckTasksWaitingTermination
                0x08007f48       0x5c ./Middlewares/Third_Party/FreeRTOS/Source/tasks.o
 .text.prvDeleteTCB
                0x08007fa4       0x60 ./Middlewares/Third_Party/FreeRTOS/Source/tasks.o
 .text.prvResetNextTaskUnblockTime
                0x08008004       0x40 ./Middlewares/Third_Party/FreeRTOS/Source/tasks.o
 .text.xTaskGetSchedulerState
                0x08008044       0x3c ./Middlewares/Third_Party/FreeRTOS/Source/tasks.o
                0x08008044                xTaskGetSchedulerState
 .text.xTaskPriorityDisinherit
                0x08008080       0xe0 ./Middlewares/Third_Party/FreeRTOS/Source/tasks.o
                0x08008080                xTaskPriorityDisinherit
 .text.prvAddCurrentTaskToDelayedList
                0x08008160       0xa8 ./Middlewares/Third_Party/FreeRTOS/Source/tasks.o
 .text.xTimerCreateTimerTask
                0x08008208       0x94 ./Middlewares/Third_Party/FreeRTOS/Source/timers.o
                0x08008208                xTimerCreateTimerTask
 .text.xTimerGenericCommand
                0x0800829c       0x9c ./Middlewares/Third_Party/FreeRTOS/Source/timers.o
                0x0800829c                xTimerGenericCommand
 .text.prvProcessExpiredTimer
                0x08008338       0x9c ./Middlewares/Third_Party/FreeRTOS/Source/timers.o
 .text.prvTimerTask
                0x080083d4       0x26 ./Middlewares/Third_Party/FreeRTOS/Source/timers.o
 *fill*         0x080083fa        0x2 
 .text.prvProcessTimerOrBlockTask
                0x080083fc       0x9c ./Middlewares/Third_Party/FreeRTOS/Source/timers.o
 .text.prvGetNextExpireTime
                0x08008498       0x44 ./Middlewares/Third_Party/FreeRTOS/Source/timers.o
 .text.prvSampleTimeNow
                0x080084dc       0x40 ./Middlewares/Third_Party/FreeRTOS/Source/timers.o
 .text.prvInsertTimerInActiveList
                0x0800851c       0x84 ./Middlewares/Third_Party/FreeRTOS/Source/timers.o
 .text.prvProcessReceivedCommands
                0x080085a0      0x1cc ./Middlewares/Third_Party/FreeRTOS/Source/timers.o
 .text.prvSwitchTimerLists
                0x0800876c       0xcc ./Middlewares/Third_Party/FreeRTOS/Source/timers.o
 .text.prvCheckForValidListAndQueue
                0x08008838       0x80 ./Middlewares/Third_Party/FreeRTOS/Source/timers.o
 .text.pxPortInitialiseStack
                0x080088b8       0x58 ./Middlewares/Third_Party/FreeRTOS/Source/portable/GCC/ARM_CM3/port.o
                0x080088b8                pxPortInitialiseStack
 .text.prvTaskExitError
                0x08008910       0x58 ./Middlewares/Third_Party/FreeRTOS/Source/portable/GCC/ARM_CM3/port.o
 *fill*         0x08008968        0x8 
 .text.SVC_Handler
                0x08008970       0x28 ./Middlewares/Third_Party/FreeRTOS/Source/portable/GCC/ARM_CM3/port.o
                0x08008970                SVC_Handler
 .text.prvPortStartFirstTask
                0x08008998       0x20 ./Middlewares/Third_Party/FreeRTOS/Source/portable/GCC/ARM_CM3/port.o
 .text.xPortStartScheduler
                0x080089b8       0xe4 ./Middlewares/Third_Party/FreeRTOS/Source/portable/GCC/ARM_CM3/port.o
                0x080089b8                xPortStartScheduler
 .text.vPortEnterCritical
                0x08008a9c       0x60 ./Middlewares/Third_Party/FreeRTOS/Source/portable/GCC/ARM_CM3/port.o
                0x08008a9c                vPortEnterCritical
 .text.vPortExitCritical
                0x08008afc       0x54 ./Middlewares/Third_Party/FreeRTOS/Source/portable/GCC/ARM_CM3/port.o
                0x08008afc                vPortExitCritical
 .text.PendSV_Handler
                0x08008b50       0x48 ./Middlewares/Third_Party/FreeRTOS/Source/portable/GCC/ARM_CM3/port.o
                0x08008b50                PendSV_Handler
 .text.xPortSysTickHandler
                0x08008b98       0x44 ./Middlewares/Third_Party/FreeRTOS/Source/portable/GCC/ARM_CM3/port.o
                0x08008b98                xPortSysTickHandler
 .text.vPortSetupTimerInterrupt
                0x08008bdc       0x44 ./Middlewares/Third_Party/FreeRTOS/Source/portable/GCC/ARM_CM3/port.o
                0x08008bdc                vPortSetupTimerInterrupt
 .text.vPortValidateInterruptPriority
                0x08008c20       0x80 ./Middlewares/Third_Party/FreeRTOS/Source/portable/GCC/ARM_CM3/port.o
                0x08008c20                vPortValidateInterruptPriority
 .text.pvPortMalloc
                0x08008ca0      0x1a8 ./Middlewares/Third_Party/FreeRTOS/Source/portable/MemMang/heap_4.o
                0x08008ca0                pvPortMalloc
 .text.vPortFree
                0x08008e48       0xc8 ./Middlewares/Third_Party/FreeRTOS/Source/portable/MemMang/heap_4.o
                0x08008e48                vPortFree
 .text.prvHeapInit
                0x08008f10       0xc4 ./Middlewares/Third_Party/FreeRTOS/Source/portable/MemMang/heap_4.o
 .text.prvInsertBlockIntoFreeList
                0x08008fd4       0xb0 ./Middlewares/Third_Party/FreeRTOS/Source/portable/MemMang/heap_4.o
 .text.memset   0x08009084       0x10 C:/ST/STM32CubeIDE_1.19.0/STM32CubeIDE/plugins/com.st.stm32cube.ide.mcu.externaltools.gnu-tools-for-stm32.13.3.rel1.win32_1.0.0.202411081344/tools/bin/../lib/gcc/arm-none-eabi/13.3.1/../../../../arm-none-eabi/lib/thumb/v7-m/nofp\libc_nano.a(libc_a-memset.o)
                0x08009084                memset
 .text.__libc_init_array
                0x08009094       0x48 C:/ST/STM32CubeIDE_1.19.0/STM32CubeIDE/plugins/com.st.stm32cube.ide.mcu.externaltools.gnu-tools-for-stm32.13.3.rel1.win32_1.0.0.202411081344/tools/bin/../lib/gcc/arm-none-eabi/13.3.1/../../../../arm-none-eabi/lib/thumb/v7-m/nofp\libc_nano.a(libc_a-init.o)
                0x08009094                __libc_init_array
 .text.memcpy   0x080090dc       0x1c C:/ST/STM32CubeIDE_1.19.0/STM32CubeIDE/plugins/com.st.stm32cube.ide.mcu.externaltools.gnu-tools-for-stm32.13.3.rel1.win32_1.0.0.202411081344/tools/bin/../lib/gcc/arm-none-eabi/13.3.1/../../../../arm-none-eabi/lib/thumb/v7-m/nofp\libc_nano.a(libc_a-memcpy-stub.o)
                0x080090dc                memcpy
 *(.glue_7)
 .glue_7        0x080090f8        0x0 linker stubs
 *(.glue_7t)
 .glue_7t       0x080090f8        0x0 linker stubs
 *(.eh_frame)
 .eh_frame      0x080090f8        0x0 C:/ST/STM32CubeIDE_1.19.0/STM32CubeIDE/plugins/com.st.stm32cube.ide.mcu.externaltools.gnu-tools-for-stm32.13.3.rel1.win32_1.0.0.202411081344/tools/bin/../lib/gcc/arm-none-eabi/13.3.1/thumb/v7-m/nofp/crtbegin.o
 *(.init)
 .init          0x080090f8        0x4 C:/ST/STM32CubeIDE_1.19.0/STM32CubeIDE/plugins/com.st.stm32cube.ide.mcu.externaltools.gnu-tools-for-stm32.13.3.rel1.win32_1.0.0.202411081344/tools/bin/../lib/gcc/arm-none-eabi/13.3.1/thumb/v7-m/nofp/crti.o
                0x080090f8                _init
 .init          0x080090fc        0x8 C:/ST/STM32CubeIDE_1.19.0/STM32CubeIDE/plugins/com.st.stm32cube.ide.mcu.externaltools.gnu-tools-for-stm32.13.3.rel1.win32_1.0.0.202411081344/tools/bin/../lib/gcc/arm-none-eabi/13.3.1/thumb/v7-m/nofp/crtn.o
 *(.fini)
 .fini          0x08009104        0x4 C:/ST/STM32CubeIDE_1.19.0/STM32CubeIDE/plugins/com.st.stm32cube.ide.mcu.externaltools.gnu-tools-for-stm32.13.3.rel1.win32_1.0.0.202411081344/tools/bin/../lib/gcc/arm-none-eabi/13.3.1/thumb/v7-m/nofp/crti.o
                0x08009104                _fini
 .fini          0x08009108        0x8 C:/ST/STM32CubeIDE_1.19.0/STM32CubeIDE/plugins/com.st.stm32cube.ide.mcu.externaltools.gnu-tools-for-stm32.13.3.rel1.win32_1.0.0.202411081344/tools/bin/../lib/gcc/arm-none-eabi/13.3.1/thumb/v7-m/nofp/crtn.o
                0x08009110                        . = ALIGN (0x4)
                0x08009110                        _etext = .

.vfp11_veneer   0x08009110        0x0
 .vfp11_veneer  0x08009110        0x0 linker stubs

.v4_bx          0x08009110        0x0
 .v4_bx         0x08009110        0x0 linker stubs

.iplt           0x08009110        0x0
 .iplt          0x08009110        0x0 C:/ST/STM32CubeIDE_1.19.0/STM32CubeIDE/plugins/com.st.stm32cube.ide.mcu.externaltools.gnu-tools-for-stm32.13.3.rel1.win32_1.0.0.202411081344/tools/bin/../lib/gcc/arm-none-eabi/13.3.1/thumb/v7-m/nofp/crtbegin.o

.rodata         0x08009110       0xb4
                0x08009110                        . = ALIGN (0x4)
 *(.rodata)
 .rodata        0x08009110       0x25 ./Core/Src/main.o
 *fill*         0x08009135        0x3 
 .rodata        0x08009138        0x5 ./Middlewares/Third_Party/FreeRTOS/Source/tasks.o
 *fill*         0x0800913d        0x3 
 .rodata        0x08009140        0xd ./Middlewares/Third_Party/FreeRTOS/Source/timers.o
 *(.rodata*)
 *fill*         0x0800914d        0x3 
 .rodata.CANRxHandlerTask_attributes
                0x08009150       0x24 ./Core/Src/main.o
                0x08009150                CANRxHandlerTask_attributes
 .rodata.CANTxHandlerTask_attributes
                0x08009174       0x24 ./Core/Src/main.o
                0x08009174                CANTxHandlerTask_attributes
 .rodata.AHBPrescTable
                0x08009198       0x10 ./Core/Src/system_stm32f1xx.o
                0x08009198                AHBPrescTable
 .rodata.APBPrescTable
                0x080091a8        0x8 ./Core/Src/system_stm32f1xx.o
                0x080091a8                APBPrescTable
 .rodata.aPLLMULFactorTable.1
                0x080091b0       0x10 ./Drivers/STM32F1xx_HAL_Driver/Src/stm32f1xx_hal_rcc.o
 .rodata.aPredivFactorTable.0
                0x080091c0        0x2 ./Drivers/STM32F1xx_HAL_Driver/Src/stm32f1xx_hal_rcc.o
                0x080091c4                        . = ALIGN (0x4)
 *fill*         0x080091c2        0x2 

.ARM.extab      0x080091c4        0x0
                0x080091c4                        . = ALIGN (0x4)
 *(.ARM.extab* .gnu.linkonce.armextab.*)
                0x080091c4                        . = ALIGN (0x4)

.ARM            0x080091c4        0x0
                0x080091c4                        . = ALIGN (0x4)
                0x080091c4                        __exidx_start = .
 *(.ARM.exidx*)
                0x080091c4                        __exidx_end = .
                0x080091c4                        . = ALIGN (0x4)

.preinit_array  0x080091c4        0x0
                0x080091c4                        . = ALIGN (0x4)
                0x080091c4                        PROVIDE (__preinit_array_start = .)
 *(.preinit_array*)
                0x080091c4                        PROVIDE (__preinit_array_end = .)
                0x080091c4                        . = ALIGN (0x4)

.init_array     0x080091c4        0x4
                0x080091c4                        . = ALIGN (0x4)
                0x080091c4                        PROVIDE (__init_array_start = .)
 *(SORT_BY_NAME(.init_array.*))
 *(.init_array*)
 .init_array    0x080091c4        0x4 C:/ST/STM32CubeIDE_1.19.0/STM32CubeIDE/plugins/com.st.stm32cube.ide.mcu.externaltools.gnu-tools-for-stm32.13.3.rel1.win32_1.0.0.202411081344/tools/bin/../lib/gcc/arm-none-eabi/13.3.1/thumb/v7-m/nofp/crtbegin.o
                0x080091c8                        PROVIDE (__init_array_end = .)
                0x080091c8                        . = ALIGN (0x4)

.fini_array     0x080091c8        0x4
                0x080091c8                        . = ALIGN (0x4)
                [!provide]                        PROVIDE (__fini_array_start = .)
 *(SORT_BY_NAME(.fini_array.*))
 *(.fini_array*)
 .fini_array    0x080091c8        0x4 C:/ST/STM32CubeIDE_1.19.0/STM32CubeIDE/plugins/com.st.stm32cube.ide.mcu.externaltools.gnu-tools-for-stm32.13.3.rel1.win32_1.0.0.202411081344/tools/bin/../lib/gcc/arm-none-eabi/13.3.1/thumb/v7-m/nofp/crtbegin.o
                [!provide]                        PROVIDE (__fini_array_end = .)
                0x080091cc                        . = ALIGN (0x4)
                0x080091cc                        _sidata = LOADADDR (.data)

.rel.dyn        0x080091cc        0x0
 .rel.iplt      0x080091cc        0x0 C:/ST/STM32CubeIDE_1.19.0/STM32CubeIDE/plugins/com.st.stm32cube.ide.mcu.externaltools.gnu-tools-for-stm32.13.3.rel1.win32_1.0.0.202411081344/tools/bin/../lib/gcc/arm-none-eabi/13.3.1/thumb/v7-m/nofp/crtbegin.o

.data           0x20000000       0x44 load address 0x080091cc
                0x20000000                        . = ALIGN (0x4)
                0x20000000                        _sdata = .
 *(.data)
 *(.data*)
 .data.row_ports
                0x20000000       0x10 ./Core/Src/button.o
                0x20000000                row_ports
 .data.row_pins
                0x20000010        0x8 ./Core/Src/button.o
                0x20000010                row_pins
 .data.col_ports
                0x20000018       0x10 ./Core/Src/button.o
                0x20000018                col_ports
 .data.col_pins
                0x20000028        0x8 ./Core/Src/button.o
                0x20000028                col_pins
 .data.encoder_last_count
                0x20000030        0x2 ./Core/Src/main.o
 *fill*         0x20000032        0x2 
 .data.SystemCoreClock
                0x20000034        0x4 ./Core/Src/system_stm32f1xx.o
                0x20000034                SystemCoreClock
 .data.uwTickPrio
                0x20000038        0x4 ./Drivers/STM32F1xx_HAL_Driver/Src/stm32f1xx_hal.o
                0x20000038                uwTickPrio
 .data.uwTickFreq
                0x2000003c        0x1 ./Drivers/STM32F1xx_HAL_Driver/Src/stm32f1xx_hal.o
                0x2000003c                uwTickFreq
 *fill*         0x2000003d        0x3 
 .data.uxCriticalNesting
                0x20000040        0x4 ./Middlewares/Third_Party/FreeRTOS/Source/portable/GCC/ARM_CM3/port.o
 *(.RamFunc)
 *(.RamFunc*)
                0x20000044                        . = ALIGN (0x4)
                0x20000044                        _edata = .

.igot.plt       0x20000044        0x0 load address 0x08009210
 .igot.plt      0x20000044        0x0 C:/ST/STM32CubeIDE_1.19.0/STM32CubeIDE/plugins/com.st.stm32cube.ide.mcu.externaltools.gnu-tools-for-stm32.13.3.rel1.win32_1.0.0.202411081344/tools/bin/../lib/gcc/arm-none-eabi/13.3.1/thumb/v7-m/nofp/crtbegin.o
                0x20000044                        . = ALIGN (0x4)

.bss            0x20000048     0x38b0 load address 0x08009210
                0x20000048                        _sbss = .
                0x20000048                        __bss_start__ = _sbss
 *(.bss)
 .bss           0x20000048       0x1c C:/ST/STM32CubeIDE_1.19.0/STM32CubeIDE/plugins/com.st.stm32cube.ide.mcu.externaltools.gnu-tools-for-stm32.13.3.rel1.win32_1.0.0.202411081344/tools/bin/../lib/gcc/arm-none-eabi/13.3.1/thumb/v7-m/nofp/crtbegin.o
 *(.bss*)
 .bss.is_debouncing
                0x20000064        0x1 ./Core/Src/button.o
                0x20000064                is_debouncing
 .bss.btn_still_pressed
                0x20000065        0x1 ./Core/Src/button.o
                0x20000065                btn_still_pressed
 *fill*         0x20000066        0x2 
 .bss.debounce_tick
                0x20000068        0x4 ./Core/Src/button.o
                0x20000068                debounce_tick
 .bss.last_row  0x2000006c        0x1 ./Core/Src/button.o
                0x2000006c                last_row
 .bss.last_col  0x2000006d        0x1 ./Core/Src/button.o
                0x2000006d                last_col
 *fill*         0x2000006e        0x2 
 .bss.btn_state
                0x20000070       0x20 ./Core/Src/button.o
                0x20000070                btn_state
 .bss.btn_idx.1
                0x20000090        0x1 ./Core/Src/button.o
 .bss.current_scan_col.0
                0x20000091        0x1 ./Core/Src/button.o
 .bss.canTxHead
                0x20000092        0x1 ./Core/Src/can.o
 .bss.canTxTail
                0x20000093        0x1 ./Core/Src/can.o
 .bss.last_reading
                0x20000094        0x5 ./Core/Src/dht11.o
 *fill*         0x20000099        0x3 
 .bss.hadc1     0x2000009c       0x30 ./Core/Src/main.o
                0x2000009c                hadc1
 .bss.hdma_adc1
                0x200000cc       0x44 ./Core/Src/main.o
                0x200000cc                hdma_adc1
 .bss.hcan      0x20000110       0x28 ./Core/Src/main.o
                0x20000110                hcan
 .bss.htim1     0x20000138       0x48 ./Core/Src/main.o
                0x20000138                htim1
 .bss.htim2     0x20000180       0x48 ./Core/Src/main.o
                0x20000180                htim2
 .bss.htim3     0x200001c8       0x48 ./Core/Src/main.o
                0x200001c8                htim3
 .bss.CANRxHandlerTaskHandle
                0x20000210        0x4 ./Core/Src/main.o
                0x20000210                CANRxHandlerTaskHandle
 .bss.CANTxHandlerTaskHandle
                0x20000214        0x4 ./Core/Src/main.o
                0x20000214                CANTxHandlerTaskHandle
 .bss.potentiometer
                0x20000218       0x14 ./Core/Src/main.o
                0x20000218                potentiometer
 .bss.canTxQueue
                0x2000022c       0xc0 ./Core/Src/main.o
                0x2000022c                canTxQueue
 .bss.dc_motor  0x200002ec       0x1c ./Core/Src/main.o
                0x200002ec                dc_motor
 .bss.encoder_motor
                0x20000308       0x1c ./Core/Src/main.o
                0x20000308                encoder_motor
 .bss.buzzer    0x20000324        0xc ./Core/Src/main.o
                0x20000324                buzzer
 .bss.digital_output_data
                0x20000330       0x40 ./Core/Src/main.o
                0x20000330                digital_output_data
 .bss.digital_input_data
                0x20000370       0x20 ./Core/Src/main.o
                0x20000370                digital_input_data
 .bss.digital_output_cmd_data
                0x20000390       0x20 ./Core/Src/main.o
                0x20000390                digital_output_cmd_data
 .bss.analog_input_data
                0x200003b0       0x40 ./Core/Src/main.o
                0x200003b0                analog_input_data
 .bss.can_rx_frame
                0x200003f0       0x24 ./Core/Src/main.o
                0x200003f0                can_rx_frame
 .bss.encoder_position
                0x20000414        0x4 ./Core/Src/main.o
 .bss.shared_encoder_speed
                0x20000418        0x4 ./Core/Src/main.o
                0x20000418                shared_encoder_speed
 .bss.prev_s11_state.4
                0x2000041c        0x1 ./Core/Src/main.o
 .bss.car_lights_on.3
                0x2000041d        0x1 ./Core/Src/main.o
 *fill*         0x2000041e        0x2 
 .bss.debug_counter.2
                0x20000420        0x4 ./Core/Src/main.o
 .bss.frame_send_counter.1
                0x20000424        0x4 ./Core/Src/main.o
 .bss.dht11_read_counter.0
                0x20000428        0x4 ./Core/Src/main.o
 .bss.htim4     0x2000042c       0x48 ./Core/Src/stm32f1xx_hal_timebase_tim.o
                0x2000042c                htim4
 .bss.uwTick    0x20000474        0x4 ./Drivers/STM32F1xx_HAL_Driver/Src/stm32f1xx_hal.o
                0x20000474                uwTick
 .bss.KernelState
                0x20000478        0x4 ./Middlewares/Third_Party/FreeRTOS/Source/CMSIS_RTOS_V2/cmsis_os2.o
 .bss.Idle_TCB.3
                0x2000047c       0x6c ./Middlewares/Third_Party/FreeRTOS/Source/CMSIS_RTOS_V2/cmsis_os2.o
 .bss.Idle_Stack.2
                0x200004e8      0x200 ./Middlewares/Third_Party/FreeRTOS/Source/CMSIS_RTOS_V2/cmsis_os2.o
 .bss.Timer_TCB.1
                0x200006e8       0x6c ./Middlewares/Third_Party/FreeRTOS/Source/CMSIS_RTOS_V2/cmsis_os2.o
 .bss.Timer_Stack.0
                0x20000754      0x400 ./Middlewares/Third_Party/FreeRTOS/Source/CMSIS_RTOS_V2/cmsis_os2.o
 .bss.xQueueRegistry
                0x20000b54       0x40 ./Middlewares/Third_Party/FreeRTOS/Source/queue.o
                0x20000b54                xQueueRegistry
 .bss.pxCurrentTCB
                0x20000b94        0x4 ./Middlewares/Third_Party/FreeRTOS/Source/tasks.o
                0x20000b94                pxCurrentTCB
 .bss.pxReadyTasksLists
                0x20000b98      0x460 ./Middlewares/Third_Party/FreeRTOS/Source/tasks.o
 .bss.xDelayedTaskList1
                0x20000ff8       0x14 ./Middlewares/Third_Party/FreeRTOS/Source/tasks.o
 .bss.xDelayedTaskList2
                0x2000100c       0x14 ./Middlewares/Third_Party/FreeRTOS/Source/tasks.o
 .bss.pxDelayedTaskList
                0x20001020        0x4 ./Middlewares/Third_Party/FreeRTOS/Source/tasks.o
 .bss.pxOverflowDelayedTaskList
                0x20001024        0x4 ./Middlewares/Third_Party/FreeRTOS/Source/tasks.o
 .bss.xPendingReadyList
                0x20001028       0x14 ./Middlewares/Third_Party/FreeRTOS/Source/tasks.o
 .bss.xTasksWaitingTermination
                0x2000103c       0x14 ./Middlewares/Third_Party/FreeRTOS/Source/tasks.o
 .bss.uxDeletedTasksWaitingCleanUp
                0x20001050        0x4 ./Middlewares/Third_Party/FreeRTOS/Source/tasks.o
 .bss.xSuspendedTaskList
                0x20001054       0x14 ./Middlewares/Third_Party/FreeRTOS/Source/tasks.o
 .bss.uxCurrentNumberOfTasks
                0x20001068        0x4 ./Middlewares/Third_Party/FreeRTOS/Source/tasks.o
 .bss.xTickCount
                0x2000106c        0x4 ./Middlewares/Third_Party/FreeRTOS/Source/tasks.o
 .bss.uxTopReadyPriority
                0x20001070        0x4 ./Middlewares/Third_Party/FreeRTOS/Source/tasks.o
 .bss.xSchedulerRunning
                0x20001074        0x4 ./Middlewares/Third_Party/FreeRTOS/Source/tasks.o
 .bss.xPendedTicks
                0x20001078        0x4 ./Middlewares/Third_Party/FreeRTOS/Source/tasks.o
 .bss.xYieldPending
                0x2000107c        0x4 ./Middlewares/Third_Party/FreeRTOS/Source/tasks.o
 .bss.xNumOfOverflows
                0x20001080        0x4 ./Middlewares/Third_Party/FreeRTOS/Source/tasks.o
 .bss.uxTaskNumber
                0x20001084        0x4 ./Middlewares/Third_Party/FreeRTOS/Source/tasks.o
 .bss.xNextTaskUnblockTime
                0x20001088        0x4 ./Middlewares/Third_Party/FreeRTOS/Source/tasks.o
 .bss.xIdleTaskHandle
                0x2000108c        0x4 ./Middlewares/Third_Party/FreeRTOS/Source/tasks.o
 .bss.uxSchedulerSuspended
                0x20001090        0x4 ./Middlewares/Third_Party/FreeRTOS/Source/tasks.o
 .bss.xActiveTimerList1
                0x20001094       0x14 ./Middlewares/Third_Party/FreeRTOS/Source/timers.o
 .bss.xActiveTimerList2
                0x200010a8       0x14 ./Middlewares/Third_Party/FreeRTOS/Source/timers.o
 .bss.pxCurrentTimerList
                0x200010bc        0x4 ./Middlewares/Third_Party/FreeRTOS/Source/timers.o
 .bss.pxOverflowTimerList
                0x200010c0        0x4 ./Middlewares/Third_Party/FreeRTOS/Source/timers.o
 .bss.xTimerQueue
                0x200010c4        0x4 ./Middlewares/Third_Party/FreeRTOS/Source/timers.o
 .bss.xTimerTaskHandle
                0x200010c8        0x4 ./Middlewares/Third_Party/FreeRTOS/Source/timers.o
 .bss.xLastTime.2
                0x200010cc        0x4 ./Middlewares/Third_Party/FreeRTOS/Source/timers.o
 .bss.ucStaticTimerQueueStorage.1
                0x200010d0       0xa0 ./Middlewares/Third_Party/FreeRTOS/Source/timers.o
 .bss.xStaticTimerQueue.0
                0x20001170       0x50 ./Middlewares/Third_Party/FreeRTOS/Source/timers.o
 .bss.ucMaxSysCallPriority
                0x200011c0        0x1 ./Middlewares/Third_Party/FreeRTOS/Source/portable/GCC/ARM_CM3/port.o
 *fill*         0x200011c1        0x3 
 .bss.ulMaxPRIGROUPValue
                0x200011c4        0x4 ./Middlewares/Third_Party/FreeRTOS/Source/portable/GCC/ARM_CM3/port.o
 .bss.ucHeap    0x200011c8     0x2710 ./Middlewares/Third_Party/FreeRTOS/Source/portable/MemMang/heap_4.o
 .bss.xStart    0x200038d8        0x8 ./Middlewares/Third_Party/FreeRTOS/Source/portable/MemMang/heap_4.o
 .bss.pxEnd     0x200038e0        0x4 ./Middlewares/Third_Party/FreeRTOS/Source/portable/MemMang/heap_4.o
 .bss.xFreeBytesRemaining
                0x200038e4        0x4 ./Middlewares/Third_Party/FreeRTOS/Source/portable/MemMang/heap_4.o
 .bss.xMinimumEverFreeBytesRemaining
                0x200038e8        0x4 ./Middlewares/Third_Party/FreeRTOS/Source/portable/MemMang/heap_4.o
 .bss.xNumberOfSuccessfulAllocations
                0x200038ec        0x4 ./Middlewares/Third_Party/FreeRTOS/Source/portable/MemMang/heap_4.o
 .bss.xNumberOfSuccessfulFrees
                0x200038f0        0x4 ./Middlewares/Third_Party/FreeRTOS/Source/portable/MemMang/heap_4.o
 .bss.xBlockAllocatedBit
                0x200038f4        0x4 ./Middlewares/Third_Party/FreeRTOS/Source/portable/MemMang/heap_4.o
 *(COMMON)
                0x200038f8                        . = ALIGN (0x4)
                0x200038f8                        _ebss = .
                0x200038f8                        __bss_end__ = _ebss

._user_heap_stack
                0x200038f8      0x600 load address 0x08009210
                0x200038f8                        . = ALIGN (0x8)
                [!provide]                        PROVIDE (end = .)
                0x200038f8                        PROVIDE (_end = .)
                0x20003af8                        . = (. + _Min_Heap_Size)
 *fill*         0x200038f8      0x200 
                0x20003ef8                        . = (. + _Min_Stack_Size)
 *fill*         0x20003af8      0x400 
                0x20003ef8                        . = ALIGN (0x8)

/DISCARD/
 libc.a(*)
 libm.a(*)
 libgcc.a(*)

.ARM.attributes
                0x00000000       0x29
 *(.ARM.attributes)
 .ARM.attributes
                0x00000000       0x1d C:/ST/STM32CubeIDE_1.19.0/STM32CubeIDE/plugins/com.st.stm32cube.ide.mcu.externaltools.gnu-tools-for-stm32.13.3.rel1.win32_1.0.0.202411081344/tools/bin/../lib/gcc/arm-none-eabi/13.3.1/thumb/v7-m/nofp/crti.o
 .ARM.attributes
                0x0000001d       0x2d C:/ST/STM32CubeIDE_1.19.0/STM32CubeIDE/plugins/com.st.stm32cube.ide.mcu.externaltools.gnu-tools-for-stm32.13.3.rel1.win32_1.0.0.202411081344/tools/bin/../lib/gcc/arm-none-eabi/13.3.1/thumb/v7-m/nofp/crtbegin.o
 .ARM.attributes
                0x0000004a       0x2d ./Core/Src/button.o
 .ARM.attributes
                0x00000077       0x2d ./Core/Src/buzzer.o
 .ARM.attributes
                0x000000a4       0x2d ./Core/Src/can.o
 .ARM.attributes
                0x000000d1       0x2d ./Core/Src/dht11.o
 .ARM.attributes
                0x000000fe       0x2d ./Core/Src/freertos.o
 .ARM.attributes
                0x0000012b       0x2d ./Core/Src/main.o
 .ARM.attributes
                0x00000158       0x2d ./Core/Src/motor.o
 .ARM.attributes
                0x00000185       0x2d ./Core/Src/stm32f1xx_hal_msp.o
 .ARM.attributes
                0x000001b2       0x2d ./Core/Src/stm32f1xx_hal_timebase_tim.o
 .ARM.attributes
                0x000001df       0x2d ./Core/Src/stm32f1xx_it.o
 .ARM.attributes
                0x0000020c       0x2d ./Core/Src/system_stm32f1xx.o
 .ARM.attributes
                0x00000239       0x21 ./Core/Startup/startup_stm32f103c8tx.o
 .ARM.attributes
                0x0000025a       0x2d ./Drivers/STM32F1xx_HAL_Driver/Src/stm32f1xx_hal.o
 .ARM.attributes
                0x00000287       0x2d ./Drivers/STM32F1xx_HAL_Driver/Src/stm32f1xx_hal_adc.o
 .ARM.attributes
                0x000002b4       0x2d ./Drivers/STM32F1xx_HAL_Driver/Src/stm32f1xx_hal_can.o
 .ARM.attributes
                0x000002e1       0x2d ./Drivers/STM32F1xx_HAL_Driver/Src/stm32f1xx_hal_cortex.o
 .ARM.attributes
                0x0000030e       0x2d ./Drivers/STM32F1xx_HAL_Driver/Src/stm32f1xx_hal_dma.o
 .ARM.attributes
                0x0000033b       0x2d ./Drivers/STM32F1xx_HAL_Driver/Src/stm32f1xx_hal_gpio.o
 .ARM.attributes
                0x00000368       0x2d ./Drivers/STM32F1xx_HAL_Driver/Src/stm32f1xx_hal_rcc.o
 .ARM.attributes
                0x00000395       0x2d ./Drivers/STM32F1xx_HAL_Driver/Src/stm32f1xx_hal_rcc_ex.o
 .ARM.attributes
                0x000003c2       0x2d ./Drivers/STM32F1xx_HAL_Driver/Src/stm32f1xx_hal_tim.o
 .ARM.attributes
                0x000003ef       0x2d ./Drivers/STM32F1xx_HAL_Driver/Src/stm32f1xx_hal_tim_ex.o
 .ARM.attributes
                0x0000041c       0x2d ./Middlewares/Third_Party/FreeRTOS/Source/CMSIS_RTOS_V2/cmsis_os2.o
 .ARM.attributes
                0x00000449       0x2d ./Middlewares/Third_Party/FreeRTOS/Source/list.o
 .ARM.attributes
                0x00000476       0x2d ./Middlewares/Third_Party/FreeRTOS/Source/queue.o
 .ARM.attributes
                0x000004a3       0x2d ./Middlewares/Third_Party/FreeRTOS/Source/tasks.o
 .ARM.attributes
                0x000004d0       0x2d ./Middlewares/Third_Party/FreeRTOS/Source/timers.o
 .ARM.attributes
                0x000004fd       0x2d ./Middlewares/Third_Party/FreeRTOS/Source/portable/GCC/ARM_CM3/port.o
 .ARM.attributes
                0x0000052a       0x2d ./Middlewares/Third_Party/FreeRTOS/Source/portable/MemMang/heap_4.o
 .ARM.attributes
                0x00000557       0x2d C:/ST/STM32CubeIDE_1.19.0/STM32CubeIDE/plugins/com.st.stm32cube.ide.mcu.externaltools.gnu-tools-for-stm32.13.3.rel1.win32_1.0.0.202411081344/tools/bin/../lib/gcc/arm-none-eabi/13.3.1/../../../../arm-none-eabi/lib/thumb/v7-m/nofp\libc_nano.a(libc_a-memset.o)
 .ARM.attributes
                0x00000584       0x2d C:/ST/STM32CubeIDE_1.19.0/STM32CubeIDE/plugins/com.st.stm32cube.ide.mcu.externaltools.gnu-tools-for-stm32.13.3.rel1.win32_1.0.0.202411081344/tools/bin/../lib/gcc/arm-none-eabi/13.3.1/../../../../arm-none-eabi/lib/thumb/v7-m/nofp\libc_nano.a(libc_a-init.o)
 .ARM.attributes
                0x000005b1       0x2d C:/ST/STM32CubeIDE_1.19.0/STM32CubeIDE/plugins/com.st.stm32cube.ide.mcu.externaltools.gnu-tools-for-stm32.13.3.rel1.win32_1.0.0.202411081344/tools/bin/../lib/gcc/arm-none-eabi/13.3.1/../../../../arm-none-eabi/lib/thumb/v7-m/nofp\libc_nano.a(libc_a-memcpy-stub.o)
 .ARM.attributes
                0x000005de       0x1d C:/ST/STM32CubeIDE_1.19.0/STM32CubeIDE/plugins/com.st.stm32cube.ide.mcu.externaltools.gnu-tools-for-stm32.13.3.rel1.win32_1.0.0.202411081344/tools/bin/../lib/gcc/arm-none-eabi/13.3.1/thumb/v7-m/nofp\libgcc.a(_arm_addsubsf3.o)
 .ARM.attributes
                0x000005fb       0x1d C:/ST/STM32CubeIDE_1.19.0/STM32CubeIDE/plugins/com.st.stm32cube.ide.mcu.externaltools.gnu-tools-for-stm32.13.3.rel1.win32_1.0.0.202411081344/tools/bin/../lib/gcc/arm-none-eabi/13.3.1/thumb/v7-m/nofp\libgcc.a(_arm_muldivsf3.o)
 .ARM.attributes
                0x00000618       0x1d C:/ST/STM32CubeIDE_1.19.0/STM32CubeIDE/plugins/com.st.stm32cube.ide.mcu.externaltools.gnu-tools-for-stm32.13.3.rel1.win32_1.0.0.202411081344/tools/bin/../lib/gcc/arm-none-eabi/13.3.1/thumb/v7-m/nofp\libgcc.a(_arm_cmpsf2.o)
 .ARM.attributes
                0x00000635       0x1d C:/ST/STM32CubeIDE_1.19.0/STM32CubeIDE/plugins/com.st.stm32cube.ide.mcu.externaltools.gnu-tools-for-stm32.13.3.rel1.win32_1.0.0.202411081344/tools/bin/../lib/gcc/arm-none-eabi/13.3.1/thumb/v7-m/nofp\libgcc.a(_arm_fixunssfsi.o)
 .ARM.attributes
                0x00000652       0x1d C:/ST/STM32CubeIDE_1.19.0/STM32CubeIDE/plugins/com.st.stm32cube.ide.mcu.externaltools.gnu-tools-for-stm32.13.3.rel1.win32_1.0.0.202411081344/tools/bin/../lib/gcc/arm-none-eabi/13.3.1/thumb/v7-m/nofp/crtn.o
OUTPUT(stm32f1_ecu_nodes.elf elf32-littlearm)
LOAD linker stubs
LOAD C:/ST/STM32CubeIDE_1.19.0/STM32CubeIDE/plugins/com.st.stm32cube.ide.mcu.externaltools.gnu-tools-for-stm32.13.3.rel1.win32_1.0.0.202411081344/tools/bin/../lib/gcc/arm-none-eabi/13.3.1/../../../../arm-none-eabi/lib/thumb/v7-m/nofp\libc.a
LOAD C:/ST/STM32CubeIDE_1.19.0/STM32CubeIDE/plugins/com.st.stm32cube.ide.mcu.externaltools.gnu-tools-for-stm32.13.3.rel1.win32_1.0.0.202411081344/tools/bin/../lib/gcc/arm-none-eabi/13.3.1/../../../../arm-none-eabi/lib/thumb/v7-m/nofp\libm.a
LOAD C:/ST/STM32CubeIDE_1.19.0/STM32CubeIDE/plugins/com.st.stm32cube.ide.mcu.externaltools.gnu-tools-for-stm32.13.3.rel1.win32_1.0.0.202411081344/tools/bin/../lib/gcc/arm-none-eabi/13.3.1/thumb/v7-m/nofp\libgcc.a

.debug_info     0x00000000    0x18fe3
 .debug_info    0x00000000      0x6bf ./Core/Src/button.o
 .debug_info    0x000006bf      0x71f ./Core/Src/buzzer.o
 .debug_info    0x00000dde      0x868 ./Core/Src/can.o
 .debug_info    0x00001646      0x488 ./Core/Src/dht11.o
 .debug_info    0x00001ace       0x91 ./Core/Src/freertos.o
 .debug_info    0x00001b5f     0x2739 ./Core/Src/main.o
 .debug_info    0x00004298      0x926 ./Core/Src/motor.o
 .debug_info    0x00004bbe     0x12c2 ./Core/Src/stm32f1xx_hal_msp.o
 .debug_info    0x00005e80      0x9a8 ./Core/Src/stm32f1xx_hal_timebase_tim.o
 .debug_info    0x00006828      0xaab ./Core/Src/stm32f1xx_it.o
 .debug_info    0x000072d3      0x222 ./Core/Src/system_stm32f1xx.o
 .debug_info    0x000074f5       0x30 ./Core/Startup/startup_stm32f103c8tx.o
 .debug_info    0x00007525      0x704 ./Drivers/STM32F1xx_HAL_Driver/Src/stm32f1xx_hal.o
 .debug_info    0x00007c29      0xc50 ./Drivers/STM32F1xx_HAL_Driver/Src/stm32f1xx_hal_adc.o
 .debug_info    0x00008879      0xf13 ./Drivers/STM32F1xx_HAL_Driver/Src/stm32f1xx_hal_can.o
 .debug_info    0x0000978c      0xa87 ./Drivers/STM32F1xx_HAL_Driver/Src/stm32f1xx_hal_cortex.o
 .debug_info    0x0000a213      0x6d2 ./Drivers/STM32F1xx_HAL_Driver/Src/stm32f1xx_hal_dma.o
 .debug_info    0x0000a8e5      0x5ab ./Drivers/STM32F1xx_HAL_Driver/Src/stm32f1xx_hal_gpio.o
 .debug_info    0x0000ae90      0x7d5 ./Drivers/STM32F1xx_HAL_Driver/Src/stm32f1xx_hal_rcc.o
 .debug_info    0x0000b665      0x3c0 ./Drivers/STM32F1xx_HAL_Driver/Src/stm32f1xx_hal_rcc_ex.o
 .debug_info    0x0000ba25     0x2959 ./Drivers/STM32F1xx_HAL_Driver/Src/stm32f1xx_hal_tim.o
 .debug_info    0x0000e37e     0x149b ./Drivers/STM32F1xx_HAL_Driver/Src/stm32f1xx_hal_tim_ex.o
 .debug_info    0x0000f819     0x39a3 ./Middlewares/Third_Party/FreeRTOS/Source/CMSIS_RTOS_V2/cmsis_os2.o
 .debug_info    0x000131bc      0x2af ./Middlewares/Third_Party/FreeRTOS/Source/list.o
 .debug_info    0x0001346b     0x1b79 ./Middlewares/Third_Party/FreeRTOS/Source/queue.o
 .debug_info    0x00014fe4     0x21ec ./Middlewares/Third_Party/FreeRTOS/Source/tasks.o
 .debug_info    0x000171d0     0x1488 ./Middlewares/Third_Party/FreeRTOS/Source/timers.o
 .debug_info    0x00018658      0x494 ./Middlewares/Third_Party/FreeRTOS/Source/portable/GCC/ARM_CM3/port.o
 .debug_info    0x00018aec      0x4f7 ./Middlewares/Third_Party/FreeRTOS/Source/portable/MemMang/heap_4.o

.debug_abbrev   0x00000000     0x426e
 .debug_abbrev  0x00000000      0x273 ./Core/Src/button.o
 .debug_abbrev  0x00000273      0x1c8 ./Core/Src/buzzer.o
 .debug_abbrev  0x0000043b      0x253 ./Core/Src/can.o
 .debug_abbrev  0x0000068e      0x250 ./Core/Src/dht11.o
 .debug_abbrev  0x000008de       0x45 ./Core/Src/freertos.o
 .debug_abbrev  0x00000923      0x3f5 ./Core/Src/main.o
 .debug_abbrev  0x00000d18      0x1c6 ./Core/Src/motor.o
 .debug_abbrev  0x00000ede      0x2d0 ./Core/Src/stm32f1xx_hal_msp.o
 .debug_abbrev  0x000011ae      0x1f3 ./Core/Src/stm32f1xx_hal_timebase_tim.o
 .debug_abbrev  0x000013a1      0x1ed ./Core/Src/stm32f1xx_it.o
 .debug_abbrev  0x0000158e      0x13f ./Core/Src/system_stm32f1xx.o
 .debug_abbrev  0x000016cd       0x24 ./Core/Startup/startup_stm32f103c8tx.o
 .debug_abbrev  0x000016f1      0x201 ./Drivers/STM32F1xx_HAL_Driver/Src/stm32f1xx_hal.o
 .debug_abbrev  0x000018f2      0x225 ./Drivers/STM32F1xx_HAL_Driver/Src/stm32f1xx_hal_adc.o
 .debug_abbrev  0x00001b17      0x21c ./Drivers/STM32F1xx_HAL_Driver/Src/stm32f1xx_hal_can.o
 .debug_abbrev  0x00001d33      0x2f8 ./Drivers/STM32F1xx_HAL_Driver/Src/stm32f1xx_hal_cortex.o
 .debug_abbrev  0x0000202b      0x20b ./Drivers/STM32F1xx_HAL_Driver/Src/stm32f1xx_hal_dma.o
 .debug_abbrev  0x00002236      0x1ca ./Drivers/STM32F1xx_HAL_Driver/Src/stm32f1xx_hal_gpio.o
 .debug_abbrev  0x00002400      0x2b3 ./Drivers/STM32F1xx_HAL_Driver/Src/stm32f1xx_hal_rcc.o
 .debug_abbrev  0x000026b3      0x188 ./Drivers/STM32F1xx_HAL_Driver/Src/stm32f1xx_hal_rcc_ex.o
 .debug_abbrev  0x0000283b      0x277 ./Drivers/STM32F1xx_HAL_Driver/Src/stm32f1xx_hal_tim.o
 .debug_abbrev  0x00002ab2      0x282 ./Drivers/STM32F1xx_HAL_Driver/Src/stm32f1xx_hal_tim_ex.o
 .debug_abbrev  0x00002d34      0x539 ./Middlewares/Third_Party/FreeRTOS/Source/CMSIS_RTOS_V2/cmsis_os2.o
 .debug_abbrev  0x0000326d       0xf5 ./Middlewares/Third_Party/FreeRTOS/Source/list.o
 .debug_abbrev  0x00003362      0x3b6 ./Middlewares/Third_Party/FreeRTOS/Source/queue.o
 .debug_abbrev  0x00003718      0x386 ./Middlewares/Third_Party/FreeRTOS/Source/tasks.o
 .debug_abbrev  0x00003a9e      0x352 ./Middlewares/Third_Party/FreeRTOS/Source/timers.o
 .debug_abbrev  0x00003df0      0x258 ./Middlewares/Third_Party/FreeRTOS/Source/portable/GCC/ARM_CM3/port.o
 .debug_abbrev  0x00004048      0x226 ./Middlewares/Third_Party/FreeRTOS/Source/portable/MemMang/heap_4.o

.debug_aranges  0x00000000     0x1670
 .debug_aranges
                0x00000000       0x50 ./Core/Src/button.o
 .debug_aranges
                0x00000050       0x40 ./Core/Src/buzzer.o
 .debug_aranges
                0x00000090       0x38 ./Core/Src/can.o
 .debug_aranges
                0x000000c8       0x50 ./Core/Src/dht11.o
 .debug_aranges
                0x00000118       0x20 ./Core/Src/freertos.o
 .debug_aranges
                0x00000138       0x98 ./Core/Src/main.o
 .debug_aranges
                0x000001d0       0x58 ./Core/Src/motor.o
 .debug_aranges
                0x00000228       0x68 ./Core/Src/stm32f1xx_hal_msp.o
 .debug_aranges
                0x00000290       0x30 ./Core/Src/stm32f1xx_hal_timebase_tim.o
 .debug_aranges
                0x000002c0       0x70 ./Core/Src/stm32f1xx_it.o
 .debug_aranges
                0x00000330       0x28 ./Core/Src/system_stm32f1xx.o
 .debug_aranges
                0x00000358       0x28 ./Core/Startup/startup_stm32f103c8tx.o
 .debug_aranges
                0x00000380       0xe0 ./Drivers/STM32F1xx_HAL_Driver/Src/stm32f1xx_hal.o
 .debug_aranges
                0x00000460       0xf0 ./Drivers/STM32F1xx_HAL_Driver/Src/stm32f1xx_hal_adc.o
 .debug_aranges
                0x00000550      0x138 ./Drivers/STM32F1xx_HAL_Driver/Src/stm32f1xx_hal_can.o
 .debug_aranges
                0x00000688      0x100 ./Drivers/STM32F1xx_HAL_Driver/Src/stm32f1xx_hal_cortex.o
 .debug_aranges
                0x00000788       0x80 ./Drivers/STM32F1xx_HAL_Driver/Src/stm32f1xx_hal_dma.o
 .debug_aranges
                0x00000808       0x58 ./Drivers/STM32F1xx_HAL_Driver/Src/stm32f1xx_hal_gpio.o
 .debug_aranges
                0x00000860       0x90 ./Drivers/STM32F1xx_HAL_Driver/Src/stm32f1xx_hal_rcc.o
 .debug_aranges
                0x000008f0       0x30 ./Drivers/STM32F1xx_HAL_Driver/Src/stm32f1xx_hal_rcc_ex.o
 .debug_aranges
                0x00000920      0x3d0 ./Drivers/STM32F1xx_HAL_Driver/Src/stm32f1xx_hal_tim.o
 .debug_aranges
                0x00000cf0      0x168 ./Drivers/STM32F1xx_HAL_Driver/Src/stm32f1xx_hal_tim_ex.o
 .debug_aranges
                0x00000e58      0x2b8 ./Middlewares/Third_Party/FreeRTOS/Source/CMSIS_RTOS_V2/cmsis_os2.o
 .debug_aranges
                0x00001110       0x40 ./Middlewares/Third_Party/FreeRTOS/Source/list.o
 .debug_aranges
                0x00001150      0x158 ./Middlewares/Third_Party/FreeRTOS/Source/queue.o
 .debug_aranges
                0x000012a8      0x208 ./Middlewares/Third_Party/FreeRTOS/Source/tasks.o
 .debug_aranges
                0x000014b0       0xf0 ./Middlewares/Third_Party/FreeRTOS/Source/timers.o
 .debug_aranges
                0x000015a0       0x78 ./Middlewares/Third_Party/FreeRTOS/Source/portable/GCC/ARM_CM3/port.o
 .debug_aranges
                0x00001618       0x58 ./Middlewares/Third_Party/FreeRTOS/Source/portable/MemMang/heap_4.o

.debug_rnglists
                0x00000000     0x1179
 .debug_rnglists
                0x00000000       0x47 ./Core/Src/button.o
 .debug_rnglists
                0x00000047       0x2b ./Core/Src/buzzer.o
 .debug_rnglists
                0x00000072       0x33 ./Core/Src/can.o
 .debug_rnglists
                0x000000a5       0x38 ./Core/Src/dht11.o
 .debug_rnglists
                0x000000dd       0x13 ./Core/Src/freertos.o
 .debug_rnglists
                0x000000f0       0xa7 ./Core/Src/main.o
 .debug_rnglists
                0x00000197       0x41 ./Core/Src/motor.o
 .debug_rnglists
                0x000001d8       0x4c ./Core/Src/stm32f1xx_hal_msp.o
 .debug_rnglists
                0x00000224       0x20 ./Core/Src/stm32f1xx_hal_timebase_tim.o
 .debug_rnglists
                0x00000244       0x4f ./Core/Src/stm32f1xx_it.o
 .debug_rnglists
                0x00000293       0x1a ./Core/Src/system_stm32f1xx.o
 .debug_rnglists
                0x000002ad       0x19 ./Core/Startup/startup_stm32f103c8tx.o
 .debug_rnglists
                0x000002c6       0xa3 ./Drivers/STM32F1xx_HAL_Driver/Src/stm32f1xx_hal.o
 .debug_rnglists
                0x00000369       0xbc ./Drivers/STM32F1xx_HAL_Driver/Src/stm32f1xx_hal_adc.o
 .debug_rnglists
                0x00000425       0xed ./Drivers/STM32F1xx_HAL_Driver/Src/stm32f1xx_hal_can.o
 .debug_rnglists
                0x00000512       0xbb ./Drivers/STM32F1xx_HAL_Driver/Src/stm32f1xx_hal_cortex.o
 .debug_rnglists
                0x000005cd       0x64 ./Drivers/STM32F1xx_HAL_Driver/Src/stm32f1xx_hal_dma.o
 .debug_rnglists
                0x00000631       0x3f ./Drivers/STM32F1xx_HAL_Driver/Src/stm32f1xx_hal_gpio.o
 .debug_rnglists
                0x00000670       0x6c ./Drivers/STM32F1xx_HAL_Driver/Src/stm32f1xx_hal_rcc.o
 .debug_rnglists
                0x000006dc       0x21 ./Drivers/STM32F1xx_HAL_Driver/Src/stm32f1xx_hal_rcc_ex.o
 .debug_rnglists
                0x000006fd      0x31a ./Drivers/STM32F1xx_HAL_Driver/Src/stm32f1xx_hal_tim.o
 .debug_rnglists
                0x00000a17      0x125 ./Drivers/STM32F1xx_HAL_Driver/Src/stm32f1xx_hal_tim_ex.o
 .debug_rnglists
                0x00000b3c      0x218 ./Middlewares/Third_Party/FreeRTOS/Source/CMSIS_RTOS_V2/cmsis_os2.o
 .debug_rnglists
                0x00000d54       0x2b ./Middlewares/Third_Party/FreeRTOS/Source/list.o
 .debug_rnglists
                0x00000d7f      0x109 ./Middlewares/Third_Party/FreeRTOS/Source/queue.o
 .debug_rnglists
                0x00000e88      0x1a0 ./Middlewares/Third_Party/FreeRTOS/Source/tasks.o
 .debug_rnglists
                0x00001028       0xb8 ./Middlewares/Third_Party/FreeRTOS/Source/timers.o
 .debug_rnglists
                0x000010e0       0x57 ./Middlewares/Third_Party/FreeRTOS/Source/portable/GCC/ARM_CM3/port.o
 .debug_rnglists
                0x00001137       0x42 ./Middlewares/Third_Party/FreeRTOS/Source/portable/MemMang/heap_4.o

.debug_macro    0x00000000    0x1b580
 .debug_macro   0x00000000      0x20d ./Core/Src/button.o
 .debug_macro   0x0000020d      0xacc ./Core/Src/button.o
 .debug_macro   0x00000cd9      0x227 ./Core/Src/button.o
 .debug_macro   0x00000f00       0x2e ./Core/Src/button.o
 .debug_macro   0x00000f2e       0x22 ./Core/Src/button.o
 .debug_macro   0x00000f50       0x22 ./Core/Src/button.o
 .debug_macro   0x00000f72       0x8e ./Core/Src/button.o
 .debug_macro   0x00001000       0x51 ./Core/Src/button.o
 .debug_macro   0x00001051      0x103 ./Core/Src/button.o
 .debug_macro   0x00001154       0x6a ./Core/Src/button.o
 .debug_macro   0x000011be      0x1df ./Core/Src/button.o
 .debug_macro   0x0000139d       0x1c ./Core/Src/button.o
 .debug_macro   0x000013b9       0x22 ./Core/Src/button.o
 .debug_macro   0x000013db       0xbd ./Core/Src/button.o
 .debug_macro   0x00001498      0xd23 ./Core/Src/button.o
 .debug_macro   0x000021bb     0xe09e ./Core/Src/button.o
 .debug_macro   0x00010259       0x6d ./Core/Src/button.o
 .debug_macro   0x000102c6     0x34a2 ./Core/Src/button.o
 .debug_macro   0x00013768      0x190 ./Core/Src/button.o
 .debug_macro   0x000138f8       0x5c ./Core/Src/button.o
 .debug_macro   0x00013954      0x5bc ./Core/Src/button.o
 .debug_macro   0x00013f10      0x289 ./Core/Src/button.o
 .debug_macro   0x00014199      0x1cb ./Core/Src/button.o
 .debug_macro   0x00014364      0x114 ./Core/Src/button.o
 .debug_macro   0x00014478      0x1b2 ./Core/Src/button.o
 .debug_macro   0x0001462a       0x27 ./Core/Src/button.o
 .debug_macro   0x00014651      0x136 ./Core/Src/button.o
 .debug_macro   0x00014787      0x1bc ./Core/Src/button.o
 .debug_macro   0x00014943       0x34 ./Core/Src/button.o
 .debug_macro   0x00014977       0x3c ./Core/Src/button.o
 .debug_macro   0x000149b3      0x408 ./Core/Src/button.o
 .debug_macro   0x00014dbb       0x57 ./Core/Src/button.o
 .debug_macro   0x00014e12      0x46a ./Core/Src/button.o
 .debug_macro   0x0001527c      0x1b5 ./Core/Src/button.o
 .debug_macro   0x00015431       0x87 ./Core/Src/button.o
 .debug_macro   0x000154b8      0x240 ./Core/Src/button.o
 .debug_macro   0x000156f8      0x140 ./Core/Src/button.o
 .debug_macro   0x00015838      0x8ed ./Core/Src/button.o
 .debug_macro   0x00016125       0x83 ./Core/Src/button.o
 .debug_macro   0x000161a8       0x10 ./Core/Src/button.o
 .debug_macro   0x000161b8      0x160 ./Core/Src/button.o
 .debug_macro   0x00016318       0x22 ./Core/Src/button.o
 .debug_macro   0x0001633a       0x74 ./Core/Src/button.o
 .debug_macro   0x000163ae       0xb8 ./Core/Src/button.o
 .debug_macro   0x00016466       0x1c ./Core/Src/button.o
 .debug_macro   0x00016482      0x281 ./Core/Src/buzzer.o
 .debug_macro   0x00016703       0x28 ./Core/Src/buzzer.o
 .debug_macro   0x0001672b      0x136 ./Core/Src/buzzer.o
 .debug_macro   0x00016861      0x15a ./Core/Src/buzzer.o
 .debug_macro   0x000169bb       0xc9 ./Core/Src/buzzer.o
 .debug_macro   0x00016a84       0x1c ./Core/Src/buzzer.o
 .debug_macro   0x00016aa0       0x26 ./Core/Src/buzzer.o
 .debug_macro   0x00016ac6      0x4d3 ./Core/Src/buzzer.o
 .debug_macro   0x00016f99       0xb5 ./Core/Src/buzzer.o
 .debug_macro   0x0001704e       0xaa ./Core/Src/buzzer.o
 .debug_macro   0x000170f8       0x66 ./Core/Src/buzzer.o
 .debug_macro   0x0001715e       0xdd ./Core/Src/buzzer.o
 .debug_macro   0x0001723b      0x2d7 ./Core/Src/can.o
 .debug_macro   0x00017512       0xb2 ./Core/Src/can.o
 .debug_macro   0x000175c4       0x61 ./Core/Src/can.o
 .debug_macro   0x00017625       0x24 ./Core/Src/can.o
 .debug_macro   0x00017649       0x43 ./Core/Src/can.o
 .debug_macro   0x0001768c       0x34 ./Core/Src/can.o
 .debug_macro   0x000176c0      0x370 ./Core/Src/can.o
 .debug_macro   0x00017a30       0x16 ./Core/Src/can.o
 .debug_macro   0x00017a46       0x4a ./Core/Src/can.o
 .debug_macro   0x00017a90       0x34 ./Core/Src/can.o
 .debug_macro   0x00017ac4       0x10 ./Core/Src/can.o
 .debug_macro   0x00017ad4       0x58 ./Core/Src/can.o
 .debug_macro   0x00017b2c       0x8e ./Core/Src/can.o
 .debug_macro   0x00017bba       0x1c ./Core/Src/can.o
 .debug_macro   0x00017bd6      0x185 ./Core/Src/can.o
 .debug_macro   0x00017d5b       0x10 ./Core/Src/can.o
 .debug_macro   0x00017d6b       0x3c ./Core/Src/can.o
 .debug_macro   0x00017da7       0x20 ./Core/Src/can.o
 .debug_macro   0x00017dc7      0x269 ./Core/Src/dht11.o
 .debug_macro   0x00018030      0x241 ./Core/Src/freertos.o
 .debug_macro   0x00018271      0x136 ./Core/Src/freertos.o
 .debug_macro   0x000183a7      0x373 ./Core/Src/main.o
 .debug_macro   0x0001871a       0x2e ./Core/Src/main.o
 .debug_macro   0x00018748      0x1ec ./Core/Src/motor.o
 .debug_macro   0x00018934      0x1d9 ./Core/Src/stm32f1xx_hal_msp.o
 .debug_macro   0x00018b0d      0x1b7 ./Core/Src/stm32f1xx_hal_timebase_tim.o
 .debug_macro   0x00018cc4      0x1e3 ./Core/Src/stm32f1xx_it.o
 .debug_macro   0x00018ea7      0x1b7 ./Core/Src/system_stm32f1xx.o
 .debug_macro   0x0001905e      0x1db ./Drivers/STM32F1xx_HAL_Driver/Src/stm32f1xx_hal.o
 .debug_macro   0x00019239      0x1d4 ./Drivers/STM32F1xx_HAL_Driver/Src/stm32f1xx_hal_adc.o
 .debug_macro   0x0001940d      0x1c6 ./Drivers/STM32F1xx_HAL_Driver/Src/stm32f1xx_hal_can.o
 .debug_macro   0x000195d3      0x1b7 ./Drivers/STM32F1xx_HAL_Driver/Src/stm32f1xx_hal_cortex.o
 .debug_macro   0x0001978a      0x1b7 ./Drivers/STM32F1xx_HAL_Driver/Src/stm32f1xx_hal_dma.o
 .debug_macro   0x00019941      0x222 ./Drivers/STM32F1xx_HAL_Driver/Src/stm32f1xx_hal_gpio.o
 .debug_macro   0x00019b63      0x1c9 ./Drivers/STM32F1xx_HAL_Driver/Src/stm32f1xx_hal_rcc.o
 .debug_macro   0x00019d2c      0x1b7 ./Drivers/STM32F1xx_HAL_Driver/Src/stm32f1xx_hal_rcc_ex.o
 .debug_macro   0x00019ee3      0x1b8 ./Drivers/STM32F1xx_HAL_Driver/Src/stm32f1xx_hal_tim.o
 .debug_macro   0x0001a09b      0x1b7 ./Drivers/STM32F1xx_HAL_Driver/Src/stm32f1xx_hal_tim_ex.o
 .debug_macro   0x0001a252      0x3b3 ./Middlewares/Third_Party/FreeRTOS/Source/CMSIS_RTOS_V2/cmsis_os2.o
 .debug_macro   0x0001a605       0x10 ./Middlewares/Third_Party/FreeRTOS/Source/CMSIS_RTOS_V2/cmsis_os2.o
 .debug_macro   0x0001a615       0xb7 ./Middlewares/Third_Party/FreeRTOS/Source/CMSIS_RTOS_V2/cmsis_os2.o
 .debug_macro   0x0001a6cc       0x91 ./Middlewares/Third_Party/FreeRTOS/Source/CMSIS_RTOS_V2/cmsis_os2.o
 .debug_macro   0x0001a75d       0x8d ./Middlewares/Third_Party/FreeRTOS/Source/CMSIS_RTOS_V2/cmsis_os2.o
 .debug_macro   0x0001a7ea       0x9a ./Middlewares/Third_Party/FreeRTOS/Source/CMSIS_RTOS_V2/cmsis_os2.o